[List description]
[Description]
 Text=List & Label Projektdatei
 FileVersion=16
 RootTable=
 Units=SCM-Units
 Metric=3
 TextQuote.Start=1
 TextQuote.End=1
 RepresentationCode.CondStart=171
 RepresentationCode.CondSep=166
 RepresentationCode.CondEnd=187
 RepresentationCode.Tab=247
 RepresentationCode.Ret=182
 RepresentationCode.PhantomSpace=8203
 RepresentationCode.LockNextChar=8288
 RepresentationCode.ExprSep=164
 LCID=1031
 UserVars.ManualSortOrder=1
 CreatedByCallFrom=atlthunk.dll
[Layout]
 P1.Template=
 xGrid=1000
 yGrid=1000
 GridShow=FALSE
 GridSnap=FALSE
 EnhancedExpressions=TRUE
 EnhancedOldExpressions=FALSE
 Decimals=2
 RealDataPreviewPageLimit=-2
 DefFont={(0,0,0),12.000000,-16,0,0,0,400,0,0,0,0,4,0,0,0,Arial}
 HelpLines.Horizontal=
 HelpLines.Vertical=
 PDF.MaxOutlineDepth=2
 PDF.MaxOutlineDepth.IDX=3
 DefaultSize.Objecttype1=(0,0,186250,119830)
 ObjectCount=1
[UserSection]
 
[SumVariables]
[Layer]
 Name=Basis
 Condition=
 WorkspaceColor=(102,102,102)
 Visible=FALSE
 LayerID=0
[Layer]
 Name=Erste Seite
 Condition=Page() = 1
 WorkspaceColor=(197,207,10)
 Visible=TRUE
 LayerID=1
[Layer]
 Name=Folgeseiten
 Condition=Page() <> 1
 WorkspaceColor=(161,203,243)
 Visible=FALSE
 LayerID=2
[ProjectTemplates]
 [@ProjectTemplates]
  {
  [ProjectTemplates]
   {
   }
  }
[Object]
 ObjectID=1
 ObjectName=Text
 Locked=FALSE
 LinkUUID={6ABC7389-6B47-4454-9AF9-813911EE6B6A}
 LinkMode=32
 LayerID=1
 LayerCond=Page() = 1
 GroupUUID=
 Identifier=
 Condition=not empty(getvalue("DOCUWARE.BELEGART"), .t. )
 UserLocked=False
 WrapBefore=False
 bPageWrap=False
 ExportAsPicture=False
 Position/Left=14030
 Position/Top=27910
 Position/Width=186250
 Position/Height=119830
 Direction=0
 bFill=0
 Frame/Layout=0
 Frame/Left/Spacing=0
 Frame/Left/Line=False
 Frame/Top/Spacing=0
 Frame/Top/Line=False
 Frame/Right/Spacing=0
 Frame/Right/Line=False
 Frame/Bottom/Spacing=0
 Frame/Bottom/Line=False
 PDFLevel=0
 PDFText=
 IndexPDFLevel=0
 IndexPDFText=
 IssueCondition=True
 Link.URL=
 Animation=""
 HTMLAnimation=""
 bBottomAligned=0
 bWYSIWYGDialog=FALSE
 [@Lines]
  {
  [Lines]
   {
   [Line]
	{
	[Font]
	 {
	 Default=False
	 FaceName="DWControl"
	 GdiCharSet=0
	 Size=6.0
	 Width=0
	 Bold=False
	 Italic=False
	 Underline=False
	 Strikeout=False
	 Color=if(@Docuwaredebug,LL.Color.MediumBlue,LL.Color.White)
	 PitchAndFamily=49
	 OutPrecision=3
	 }
	Align=0
	Adjusted=False
	Uneraseable=False
	LineWrap=1
	PageWrapAllowed=True
	ForceWrap=False
	SpaceOptimization=True
	Spacing.Paragraph=0
	Spacing.Line=0
	OutputFormatter=
	Condition=Exists ("AUFTRAG.AUFTRNR")
	[ConditionalFormatter]
	 {
	 }
	Text='<dwControl:Field dbName=“BELEGNR“ type=“Numeric“ value=“'+  str$(if(getvalue("AUFTRAG._AUFTRNR") > 0, getvalue("AUFTRAG._AUFTRNR"), getvalue("AUFTRAG.AUFTRNR")),0,0) +'“  culture=“de-CH“ decimalPlaces=“0“ />'
	Tab=0
	TabAlign=0
	}
   [Line]
	{
	[Font]
	 {
	 Default=False
	 FaceName="DWControl"
	 GdiCharSet=0
	 Size=6.0
	 Width=0
	 Bold=False
	 Italic=False
	 Underline=False
	 Strikeout=False
	 Color=if(@Docuwaredebug,LL.Color.MediumBlue,LL.Color.White)
	 PitchAndFamily=49
	 OutPrecision=3
	 }
	Align=0
	Adjusted=False
	Uneraseable=False
	LineWrap=1
	PageWrapAllowed=True
	ForceWrap=False
	SpaceOptimization=True
	Spacing.Paragraph=0
	Spacing.Line=0
	OutputFormatter=
	Condition=Exists ("AUFTRAG._AUFTRNR") and getvalue("AUFTRAG._AUFTRNR") > 0
	[ConditionalFormatter]
	 {
	 }
	Text='<dwControl:Field dbName=“ERG_NR“ type=“Numeric“ value=“'+  str$(getvalue("AUFTRAG.AUFTRNR"),0,0) +'“  culture=“de-CH“ decimalPlaces=“0“ />'
	Tab=0
	TabAlign=0
	}
   [Line]
	{
	[Font]
	 {
	 Default=False
	 FaceName="DWControl"
	 GdiCharSet=0
	 Size=6.0
	 Width=0
	 Bold=False
	 Italic=False
	 Underline=False
	 Strikeout=False
	 Color=if(@Docuwaredebug,LL.Color.MediumBlue,LL.Color.White)
	 PitchAndFamily=49
	 OutPrecision=3
	 }
	Align=0
	Adjusted=False
	Uneraseable=False
	LineWrap=1
	PageWrapAllowed=True
	ForceWrap=False
	SpaceOptimization=True
	Spacing.Paragraph=0
	Spacing.Line=0
	OutputFormatter=
	Condition=Exists ("ANGEBOT.ANGBNR")
	[ConditionalFormatter]
	 {
	 }
	Text='<dwControl:Field dbName=“BELEGNR“ type=“Numeric“ value=“'+  str$(getvalue("ANGEBOT.ANGBNR"),0,0) +'" culture=”de-CH” decimalPlaces=”0” />'
	Tab=0
	TabAlign=0
	}
   [Line]
	{
	[Font]
	 {
	 Default=False
	 FaceName="DWControl"
	 GdiCharSet=0
	 Size=6.0
	 Width=0
	 Bold=False
	 Italic=False
	 Underline=False
	 Strikeout=False
	 Color=if(@Docuwaredebug,LL.Color.MediumBlue,LL.Color.White)
	 PitchAndFamily=49
	 OutPrecision=3
	 }
	Align=0
	Adjusted=False
	Uneraseable=False
	LineWrap=1
	PageWrapAllowed=True
	ForceWrap=False
	SpaceOptimization=True
	Spacing.Paragraph=0
	Spacing.Line=0
	OutputFormatter=
	Condition=Exists ("AUFTRAG.KOMM")
	[ConditionalFormatter]
	 {
	 }
	Text='<dwControl:Field dbName=“KOMMISSION“ type=“Text“ value=“'+  getvalue("AUFTRAG.KOMM") +' “/>'
	Tab=0
	TabAlign=0
	}
   [Line]
	{
	[Font]
	 {
	 Default=False
	 FaceName="DWControl"
	 GdiCharSet=0
	 Size=6.0
	 Width=0
	 Bold=False
	 Italic=False
	 Underline=False
	 Strikeout=False
	 Color=if(@Docuwaredebug,LL.Color.MediumBlue,LL.Color.White)
	 PitchAndFamily=49
	 OutPrecision=3
	 }
	Align=0
	Adjusted=False
	Uneraseable=False
	LineWrap=1
	PageWrapAllowed=True
	ForceWrap=False
	SpaceOptimization=True
	Spacing.Paragraph=0
	Spacing.Line=0
	OutputFormatter=
	Condition=Exists ("ANGEBOT.KOMM")
	[ConditionalFormatter]
	 {
	 }
	Text='<dwControl:Field dbName=“KOMMISSION“ type=“Text“ value=“'+  getvalue("ANGEBOT.KOMM") +' “/>'
	Tab=0
	TabAlign=0
	}
   [Line]
	{
	[Font]
	 {
	 Default=False
	 FaceName="DWControl"
	 GdiCharSet=0
	 Size=6.0
	 Width=0
	 Bold=False
	 Italic=False
	 Underline=False
	 Strikeout=False
	 Color=if(@Docuwaredebug,LL.Color.MediumBlue,LL.Color.White)
	 PitchAndFamily=49
	 OutPrecision=3
	 }
	Align=0
	Adjusted=False
	Uneraseable=False
	LineWrap=1
	PageWrapAllowed=True
	ForceWrap=False
	SpaceOptimization=True
	Spacing.Paragraph=0
	Spacing.Line=0
	OutputFormatter=
	Condition=Exists ("KUNDE.NAME2")
	[ConditionalFormatter]
	 {
	 }
	Text='<dwControl:Field dbName=“NAME“ type=“Text“ value=“'+  getvalue("KUNDE.NAME2 ")+' “/>'
	Tab=0
	TabAlign=0
	}
   [Line]
	{
	[Font]
	 {
	 Default=False
	 FaceName="DWControl"
	 GdiCharSet=0
	 Size=6.0
	 Width=0
	 Bold=False
	 Italic=False
	 Underline=False
	 Strikeout=False
	 Color=if(@Docuwaredebug,LL.Color.MediumBlue,LL.Color.White)
	 PitchAndFamily=49
	 OutPrecision=3
	 }
	Align=0
	Adjusted=False
	Uneraseable=False
	LineWrap=1
	PageWrapAllowed=True
	ForceWrap=False
	SpaceOptimization=True
	Spacing.Paragraph=0
	Spacing.Line=0
	OutputFormatter=
	Condition=Exists ("KUNDE.STRASSE")
	[ConditionalFormatter]
	 {
	 }
	Text='<dwControl:Field dbName=“STRA_E“ type=“Text“ value=“'+  getvalue("KUNDE.STRASSE") +' “/>'
	Tab=0
	TabAlign=0
	}
   [Line]
	{
	[Font]
	 {
	 Default=False
	 FaceName="DWControl"
	 GdiCharSet=0
	 Size=6.0
	 Width=0
	 Bold=False
	 Italic=False
	 Underline=False
	 Strikeout=False
	 Color=if(@Docuwaredebug,LL.Color.MediumBlue,LL.Color.White)
	 PitchAndFamily=49
	 OutPrecision=3
	 }
	Align=0
	Adjusted=False
	Uneraseable=False
	LineWrap=1
	PageWrapAllowed=True
	ForceWrap=False
	SpaceOptimization=True
	Spacing.Paragraph=0
	Spacing.Line=0
	OutputFormatter=
	Condition=Exists ("KUNDE.PLZ")
	[ConditionalFormatter]
	 {
	 }
	Text='<dwControl:Field dbName=“PLZ“ type=“Text“ value=“'+  getvalue("KUNDE.PLZ") +' “/>'
	Tab=0
	TabAlign=0
	}
   [Line]
	{
	[Font]
	 {
	 Default=False
	 FaceName="DWControl"
	 GdiCharSet=0
	 Size=6.0
	 Width=0
	 Bold=False
	 Italic=False
	 Underline=False
	 Strikeout=False
	 Color=if(@Docuwaredebug,LL.Color.MediumBlue,LL.Color.White)
	 PitchAndFamily=49
	 OutPrecision=3
	 }
	Align=0
	Adjusted=False
	Uneraseable=False
	LineWrap=1
	PageWrapAllowed=True
	ForceWrap=False
	SpaceOptimization=True
	Spacing.Paragraph=0
	Spacing.Line=0
	OutputFormatter=
	Condition=Exists ("KUNDE.ORT")
	[ConditionalFormatter]
	 {
	 }
	Text='<dwControl:Field dbName=“ORT“ type=“Text“ value=“'+  getvalue("KUNDE.ORT") +' “/>'
	Tab=0
	TabAlign=0
	}
   [Line]
	{
	[Font]
	 {
	 Default=False
	 FaceName="DWControl"
	 GdiCharSet=0
	 Size=6.0
	 Width=0
	 Bold=False
	 Italic=False
	 Underline=False
	 Strikeout=False
	 Color=if(@Docuwaredebug,LL.Color.MediumBlue,LL.Color.White)
	 PitchAndFamily=49
	 OutPrecision=3
	 }
	Align=0
	Adjusted=False
	Uneraseable=False
	LineWrap=1
	PageWrapAllowed=True
	ForceWrap=False
	SpaceOptimization=True
	Spacing.Paragraph=0
	Spacing.Line=0
	OutputFormatter=
	Condition=Exists ("KUNDE.KDNR")
	[ConditionalFormatter]
	 {
	 }
	Text='<dwControl:Field dbName=“ADRESSNR“ type=“Text“ value=“'+ str$( getvalue("KUNDE.KDNR"),0,0) +' “/>'
	Tab=0
	TabAlign=0
	}
   [Line]
	{
	[Font]
	 {
	 Default=False
	 FaceName="DWControl"
	 GdiCharSet=0
	 Size=6.0
	 Width=0
	 Bold=False
	 Italic=False
	 Underline=False
	 Strikeout=False
	 Color=if(@Docuwaredebug,LL.Color.MediumBlue,LL.Color.White)
	 PitchAndFamily=49
	 OutPrecision=3
	 }
	Align=0
	Adjusted=False
	Uneraseable=False
	LineWrap=1
	PageWrapAllowed=True
	ForceWrap=False
	SpaceOptimization=True
	Spacing.Paragraph=0
	Spacing.Line=0
	OutputFormatter=
	Condition=True
	[ConditionalFormatter]
	 {
	 }
	Text='<dwControl:Field dbName=“BELEGDAT“ type=“Date“ value=“'+  date$(today(), "dd.MM.yyyy") +'“  culture=“de-DE“ format=“dd.MM.yyyy“/>'
	Tab=0
	TabAlign=0
	}
   [Line]
	{
	[Font]
	 {
	 Default=False
	 FaceName="DWControl"
	 GdiCharSet=0
	 Size=6.0
	 Width=0
	 Bold=False
	 Italic=False
	 Underline=False
	 Strikeout=False
	 Color=if(@Docuwaredebug,LL.Color.MediumBlue,LL.Color.White)
	 PitchAndFamily=49
	 OutPrecision=3
	 }
	Align=0
	Adjusted=False
	Uneraseable=False
	LineWrap=1
	PageWrapAllowed=True
	ForceWrap=False
	SpaceOptimization=True
	Spacing.Paragraph=0
	Spacing.Line=0
	OutputFormatter=
	Condition=exists("BESTELL.LIEFDAT")
	[ConditionalFormatter]
	 {
	 }
	Text='<dwControl:Field dbName=“TERMINWUNSCH“ type=“Date“ value=“'+  date$(date(getvalue("BESTELL.LIEFDAT")), "dd.MM.yyyy") +'“  culture=“de-DE“ format=“dd.MM.yyyy“/>'
	Tab=0
	TabAlign=0
	}
   [Line]
	{
	[Font]
	 {
	 Default=False
	 FaceName="DWControl"
	 GdiCharSet=0
	 Size=6.0
	 Width=0
	 Bold=False
	 Italic=False
	 Underline=False
	 Strikeout=False
	 Color=if(@Docuwaredebug,LL.Color.MediumBlue,LL.Color.White)
	 PitchAndFamily=49
	 OutPrecision=3
	 }
	Align=0
	Adjusted=False
	Uneraseable=False
	LineWrap=1
	PageWrapAllowed=True
	ForceWrap=False
	SpaceOptimization=True
	Spacing.Paragraph=0
	Spacing.Line=0
	OutputFormatter=
	Condition=Exists ("DOCUWARE.BELEGART")
	[ConditionalFormatter]
	 {
	 }
	Text='<dwControl:Field dbName=“BELEGART“ type=“Text“ value=“'+ getvalue("DOCUWARE.BELEGART")  +'“/>'
	Tab=0
	TabAlign=0
	}
   [Line]
	{
	[Font]
	 {
	 Default=False
	 FaceName="DWControl"
	 GdiCharSet=0
	 Size=6.0
	 Width=0
	 Bold=False
	 Italic=False
	 Underline=False
	 Strikeout=False
	 Color=if(@Docuwaredebug,LL.Color.MediumBlue,LL.Color.White)
	 PitchAndFamily=49
	 OutPrecision=3
	 }
	Align=0
	Adjusted=False
	Uneraseable=False
	LineWrap=1
	PageWrapAllowed=True
	ForceWrap=False
	SpaceOptimization=True
	Spacing.Paragraph=0
	Spacing.Line=0
	OutputFormatter=
	Condition=Exists ("KUNDE.LAND")
	[ConditionalFormatter]
	 {
	 }
	Text='<dwControl:Field dbName=“LAND“ type=“Text“ value=“'+  getvalue("KUNDE.LAND") +' “/>'
	Tab=0
	TabAlign=0
	}
   [Line]
	{
	[Font]
	 {
	 Default=False
	 FaceName="DWControl"
	 GdiCharSet=0
	 Size=6.0
	 Width=0
	 Bold=False
	 Italic=False
	 Underline=False
	 Strikeout=False
	 Color=if(@Docuwaredebug,LL.Color.MediumBlue,LL.Color.White)
	 PitchAndFamily=49
	 OutPrecision=3
	 }
	Align=0
	Adjusted=False
	Uneraseable=False
	LineWrap=1
	PageWrapAllowed=True
	ForceWrap=False
	SpaceOptimization=True
	Spacing.Paragraph=0
	Spacing.Line=0
	OutputFormatter=
	Condition=Exists ("LIEFER.NAME1")
	[ConditionalFormatter]
	 {
	 }
	Text='<dwControl:Field dbName=“LIEFERANT“ type=“Text“ value=“'+  getvalue("LIEFER.NAME1") +' “/>'
	Tab=0
	TabAlign=0
	}
   [Line]
	{
	[Font]
	 {
	 Default=False
	 FaceName="DWControl"
	 GdiCharSet=0
	 Size=6.0
	 Width=0
	 Bold=False
	 Italic=False
	 Underline=False
	 Strikeout=False
	 Color=if(@Docuwaredebug,LL.Color.MediumBlue,LL.Color.White)
	 PitchAndFamily=49
	 OutPrecision=3
	 }
	Align=0
	Adjusted=False
	Uneraseable=False
	LineWrap=1
	PageWrapAllowed=True
	ForceWrap=False
	SpaceOptimization=True
	Spacing.Paragraph=0
	Spacing.Line=0
	OutputFormatter=
	Condition=Exists ("DOCUWARE.STATUS")
	[ConditionalFormatter]
	 {
	 }
	Text='<dwControl:Field dbName=“STATUS“ type=“Text“ value=“'+  getvalue("DOCUWARE.STATUS") +' “/>'
	Tab=0
	TabAlign=0
	}
   [Line]
	{
	[Font]
	 {
	 Default=False
	 FaceName="DWControl"
	 GdiCharSet=0
	 Size=6.0
	 Width=0
	 Bold=False
	 Italic=False
	 Underline=False
	 Strikeout=False
	 Color=if(@Docuwaredebug,LL.Color.MediumBlue,LL.Color.White)
	 PitchAndFamily=49
	 OutPrecision=3
	 }
	Align=0
	Adjusted=False
	Uneraseable=False
	LineWrap=1
	PageWrapAllowed=True
	ForceWrap=False
	SpaceOptimization=True
	Spacing.Paragraph=0
	Spacing.Line=0
	OutputFormatter=
	Condition=Exists ("DOCUWARE.STUECK")
	[ConditionalFormatter]
	 {
	 }
	Text='<dwControl:Field dbName=“STUECK“ type=“Text“ value=“'+  getvalue("DOCUWARE.STUECK") +' “/>'
	Tab=0
	TabAlign=0
	}
   [Line]
	{
	[Font]
	 {
	 Default=False
	 FaceName="DWControl"
	 GdiCharSet=0
	 Size=6.0
	 Width=0
	 Bold=False
	 Italic=False
	 Underline=False
	 Strikeout=False
	 Color=if(@Docuwaredebug,LL.Color.MediumBlue,LL.Color.White)
	 PitchAndFamily=49
	 OutPrecision=3
	 }
	Align=0
	Adjusted=False
	Uneraseable=False
	LineWrap=1
	PageWrapAllowed=True
	ForceWrap=False
	SpaceOptimization=True
	Spacing.Paragraph=0
	Spacing.Line=0
	OutputFormatter=
	Condition=Exists ("RE.RENR")
	[ConditionalFormatter]
	 {
	 }
	Text='<dwControl:Field dbName=“RECHUNGSBETRAG“ type=“Text“ value=“'+  str$(getvalue("RE.BRUTTO"),0,2) +' “/>'
	Tab=0
	TabAlign=0
	}
   [Line]
	{
	[Font]
	 {
	 Default=False
	 FaceName="DWControl"
	 GdiCharSet=0
	 Size=6.0
	 Width=0
	 Bold=False
	 Italic=False
	 Underline=False
	 Strikeout=False
	 Color=if(@Docuwaredebug,LL.Color.MediumBlue,LL.Color.White)
	 PitchAndFamily=49
	 OutPrecision=3
	 }
	Align=0
	Adjusted=False
	Uneraseable=False
	LineWrap=1
	PageWrapAllowed=True
	ForceWrap=False
	SpaceOptimization=True
	Spacing.Paragraph=0
	Spacing.Line=0
	OutputFormatter=
	Condition=Exists ("RE.RENR")
	[ConditionalFormatter]
	 {
	 }
	Text='<dwControl:Field dbName=“RECHNUNGSNUMMER_“ type=“Text“ value=“'+  str$(getvalue("RE.RENR"),0,0) +' “/>'
	Tab=0
	TabAlign=0
	}
   [Line]
	{
	[Font]
	 {
	 Default=False
	 FaceName="DWControl"
	 GdiCharSet=0
	 Size=6.0
	 Width=0
	 Bold=False
	 Italic=False
	 Underline=False
	 Strikeout=False
	 Color=if(@Docuwaredebug,LL.Color.MediumBlue,LL.Color.White)
	 PitchAndFamily=49
	 OutPrecision=3
	 }
	Align=0
	Adjusted=False
	Uneraseable=False
	LineWrap=1
	PageWrapAllowed=True
	ForceWrap=False
	SpaceOptimization=True
	Spacing.Paragraph=0
	Spacing.Line=0
	OutputFormatter=
	Condition=Exists ("LS.LSNR")
	[ConditionalFormatter]
	 {
	 }
	Text='<dwControl:Field dbName=“LIEFERSCHEINNUMMER“ type=“Numeric“ value=“'+  str$(getvalue("LS.LSNR"),0,0) +'“  culture=“de-CH“ decimalPlaces=“0“ />'
	Tab=0
	TabAlign=0
	}
   [Line]
	{
	[Font]
	 {
	 Default=False
	 FaceName="DWControl"
	 GdiCharSet=0
	 Size=6.0
	 Width=0
	 Bold=False
	 Italic=False
	 Underline=False
	 Strikeout=False
	 Color=if(@Docuwaredebug,LL.Color.MediumBlue,LL.Color.White)
	 PitchAndFamily=49
	 OutPrecision=3
	 }
	Align=0
	Adjusted=False
	Uneraseable=False
	LineWrap=1
	PageWrapAllowed=True
	ForceWrap=False
	SpaceOptimization=True
	Spacing.Paragraph=0
	Spacing.Line=0
	OutputFormatter=
	Condition=Exists ("BESTELL.BESTNR")
	[ConditionalFormatter]
	 {
	 }
	Text='<dwControl:Field dbName=“BESTELLNUMMER“ type=“Numeric“ value=“'+  str$(getvalue("BESTELL.BESTNR"),0,0) +'“  culture=“de-CH“ decimalPlaces=“0“ />'
	Tab=0
	TabAlign=0
	}
   }
  }
[UserVariables]
 User1=@DEBUG;false
 User2=@Docuwaredebug;false
[Parameters]
 [@Parameters]
  {
  [Parameters]
   {
   LL.MultiPassCondition=PrintPassIndex()=PrintPassCount()
   LL.MultiPassCount=1
   LL.ProjectDescription=List & Label Projektdatei
   }
  }
[UsedIdentifiers]
 Variables=
 Fields=
 ChartFields=
[PageLayouts]
 [@PageLayouts]
  {
  [PageLayouts]
   {
   [PageLayout]
	{
	DisplayName=
	Condition=True
	SourceTray=0
	ForcePaperFormat=True
	UsePhysicalPaper=True
	PaperFormat=9
	PaperFormat.cx=209880
	PaperFormat.cy=297050
	PaperFormat.Orientation=1
	Copies=1
	Duplex=0
	Collate=0
	FitPage=False
	ShowInPrintDialog=True
	}
   }
  }
[ExtendedInfo]
 [@ExtendedInfos]
  {
  [UserDefinedDesignScheme]
   {
   [Foreground]
	{
	Color=(173,215,227)
	Color=(167,195,209)
	Color=(165,170,199)
	Color=(155,122,153)
	Color=(135,95,119)
	Color=(255,230,179)
	Color=(238,190,93)
	Color=(242,167,17)
	Color=(166,178,102)
	Color=(102,204,199)
	}
   [Background]
	{
	Color=(240,249,255)
	Color=(255,230,179)
	Color=(173,215,227)
	Color=(167,195,209)
	FillMode=1
	}
   }
  [UIDescriptions]
   {
   }
  [Subreports]
   {
   }
  }
