[List description]
[Description]
 Text=List & Label Projektdatei
 FileVersion=16
 RootTable=ITEMS
 Units=SCM-Units
 Metric=3
 TextQuote.Start=1
 TextQuote.End=1
 RepresentationCode.CondStart=171
 RepresentationCode.CondSep=166
 RepresentationCode.CondEnd=187
 RepresentationCode.Tab=247
 RepresentationCode.Ret=182
 RepresentationCode.PhantomSpace=8203
 RepresentationCode.LockNextChar=8288
 RepresentationCode.ExprSep=164
 LCID=1031
 UserVars.ManualSortOrder=1
 CreatedByCallFrom=XPPRT1.dll
 [@DatabaseStructure]
  {
  [DatabaseStructures]
   {
   [DatabaseStructure]
	{
	[Table:ITEMS]
	 {
	 }
	}
   }
  }
[Layout]
 P1.Template=
 xGrid=1000
 yGrid=1000
 GridShow=FALSE
 GridSnap=FALSE
 EnhancedExpressions=TRUE
 EnhancedOldExpressions=FALSE
 Decimals=2
 RealDataPreviewPageLimit=-2
 DefFont={(0,0,0),12.000000,-16,0,0,0,400,0,0,0,0,4,0,0,0,Arial}
 HelpLines.Horizontal=
 HelpLines.Vertical=
 PDF.MaxOutlineDepth=2
 PDF.MaxOutlineDepth.IDX=3
 DefaultSize.Objecttype6=(0,0,177570,230860)
 ObjectCount=1
[UserSection]
 
[SumVariables]
[Layer]
 Name=Basis
 Condition=
 WorkspaceColor=(102,102,102)
 Visible=TRUE
 LayerID=0
[Layer]
 Name=Erste Seite
 Condition=Page() = 1
 WorkspaceColor=(197,207,10)
 Visible=TRUE
 LayerID=1
[Layer]
 Name=Folgeseiten
 Condition=Page() <> 1
 WorkspaceColor=(161,203,243)
 Visible=TRUE
 LayerID=2
[ProjectTemplates]
 [@ProjectTemplates]
  {
  [ProjectTemplates]
   {
   }
  }
[Object]
 ObjectID=6
 ObjectName=Berichtscontainer
 Locked=FALSE
 LinkUUID={846CBC61-7CA3-46BA-AA9F-7E26FB6F055E}
 LinkMode=32
 LayerID=0
 LayerCond=
 GroupUUID=
 Identifier=
 Condition=True
 UserLocked=False
 WrapBefore=False
 Position/Left=17930
 Position/Top=30300
 Position/Width=177570
 Position/Height=230860
 Direction=0
 Frame/Layout=0
 Frame/Left/Spacing=0
 Frame/Left/Line=False
 Frame/Top/Spacing=0
 Frame/Top/Line=False
 Frame/Right/Spacing=0
 Frame/Right/Line=False
 Frame/Bottom/Spacing=0
 Frame/Bottom/Line=False
 PDFLevel=0
 PDFText=
 IndexPDFLevel=0
 IndexPDFText=
 IssueCondition=True
 Link.URL=
 DefaultFont/Default=True
 DefaultFont/FaceName=Null()
 DefaultFont/GdiCharSet=Null()
 DefaultFont/Size=Null()
 DefaultFont/Width=#Null()
 DefaultFont/Bold=Null()
 DefaultFont/Italic=Null()
 DefaultFont/Underline=Null()
 DefaultFont/Strikeout=Null()
 DefaultFont/Color=Null()
 DefaultFont/PitchAndFamily=Null()
 DefaultFont/OutPrecision=Null()
 FgColor=RGB(180,180,180)
 bFill=0
 CurrentTable=0
 ColumnCount=1
 ColumnCount.Distance=1000
 [@Tables]
  {
  [Tables]
   {
   [Table]
	{
	TableType=Chart
	TableID=ITEMS
	RelationID=
	LinkUUID={3BC0FF9E-804C-43C6-B58D-9A1BED6DEE8F}
	[DistanceFromPrintBorder]
	 {
	 Left=0
	 Top=0
	 Right=0
	 Bottom=0
	 }
	Height=100000
	ColumnCount=0
	ColumnCount.Distance=1000
	FillPrioHorizonal=False
	ColumnBreakCondition=False
	ColumnBreakBefore=False
	Identifier=
	Condition=True
	DistanceTop=0
	DistanceBottom=0
	WrapBefore=False
	ShowInContextUI=True
	CombineWithNextStaticTable=False
	PDFLevel=0
	PDFText=
	IndexPDFLevel=0
	IndexPDFText=
	FormulaFilter=True
	Animation=""
	HTMLAnimation=""
	Subreport=False
	Import=FALSE
	[LLXParameters]
	 {
	 [Engine]
	  {
	  PieGradientFactor=0
	  PieGradientFactor.EnhancedFrame=False
	  PieCoverage=360
	  PieRotateClockwise=True
	  UseLightEffect=True
	  RotZ=0
	  ColorMode=1
	  ShowSeparatorLines=False
	  [AdditionalProperties]
	   {
	   Type=0
	   DataMode=0
	   VisMode=0
	   Flags=7340032
	   bNewAxisMode=TRUE
	   }
	  [xAxis]
	   {
	   FormulaValue=Items.ARTICLENO
	   FormulaFilter=True
	   SamplesForDesigner=5
	   AutoSort=0
	   MinPercentageForArcs=0
	   MaxEntriesForArcs=0
	   FormulaCoordOthers="Andere"
	   [FormulaCoordOthers.Font]
		{
		Default=True
		FaceName=Null()
		GdiCharSet=Null()
		Size=Null()
		Width=#Null()
		Bold=Null()
		Italic=Null()
		Underline=Null()
		Strikeout=Null()
		Color=Null()
		PitchAndFamily=Null()
		OutPrecision=Null()
		}
	   FormulaCoordOthers.FixedSize=False
	   FormulaCoordOthers.OutputFormatter=
	   FormulaCoordPie=LL.ChartObject.AxisCoordinate
	   [FormulaCoordPie.Font]
		{
		Default=True
		FaceName=Null()
		GdiCharSet=Null()
		Size=Null()
		Width=#Null()
		Bold=Null()
		Italic=Null()
		Underline=Null()
		Strikeout=Null()
		Color=Null()
		PitchAndFamily=Null()
		OutPrecision=Null()
		}
	   FormulaCoordPie.FixedSize=False
	   FormulaCoordPie.OutputFormatter=
	   FormulaLabel="ITEMS.ARTICLENO"
	   [FormulaLabel.Font]
		{
		Default=True
		FaceName=Null()
		GdiCharSet=Null()
		Size=Null()
		Width=#Null()
		Bold=Null()
		Italic=Null()
		Underline=Null()
		Strikeout=Null()
		Color=Null()
		PitchAndFamily=Null()
		OutPrecision=Null()
		}
	   FormulaLabel.RotationAngle=0
	   FormulaLabel.OutputFormatter=
	   CoordTextPlacement=1
	   CoordTextPlacement.Equidistant=False
	   [CoordTextPlacement.bFrame]
		{
		Layout=0
		[Left]
		 {
		 Spacing=1000
		 Line=False
		 }
		[Top]
		 {
		 Spacing=1000
		 Line=False
		 }
		[Right]
		 {
		 Spacing=1000
		 Line=False
		 }
		[Bottom]
		 {
		 Spacing=1000
		 Line=False
		 }
		}
	   RelativePartOfAtAxisText=30
	   RelativePartOfLegendText=0
	   LegendAutowrap=-1
	   [AreaList]
		{
		[ItemList]
		 {
		 }
		}
	   }
	  [zAxis0]
	   {
	   FormulaValue=Sum( Items.COUNT *Items.PRICEPP)
	   FormulaCoordOnObjects=1
	   [FormulaCoordOnObjects]
		{
		[Font]
		 {
		 Default=True
		 FaceName=Null()
		 GdiCharSet=Null()
		 Size=Null()
		 Width=#Null()
		 Bold=Null()
		 Italic=Null()
		 Underline=Null()
		 Strikeout=Null()
		 Color=Null()
		 PitchAndFamily=Null()
		 OutPrecision=Null()
		 }
		OutputFormatter=
		Formula=Str$(LL.ChartObject.ArcPerc,0,0) + "%"
		[Filling]
		 {
		 bShow=0
		 }
		RotationAngle=0
		OOTextDrawMethod=0
		}
	   ExplosionOffsetPercentage=0
	   [DrillDownItem]
		{
		DrillDownType=1
		MenuText="Drilldown\Positionen.lst"
		ProjectFileName=ProjectPath$() + "Drilldown\Positionen.lst"
		SubReportDescription=List & Label Projektdatei
		[ReportParameters]
		 {
		 @Name=Items.ARTICLENO
		 [@Name.Info]
		  {
		  ContentsType=63
		  AllowMultipleValues=False
		  }
		 }
		ReportParameterList=
		ShowReportParameterPreviewPane=False
		}
	   Link.URL=
	   [AreaList]
		{
		[ItemList]
		 {
		 }
		}
	   }
	  [RScriptData]
	   {
	   RSCode=
	   }
	  }
	 TitleFormula=""
	 [TitleFormula.Font]
	  {
	  Default=True
	  FaceName=Null()
	  GdiCharSet=Null()
	  Size=Null()
	  Width=#Null()
	  Bold=Null()
	  Italic=Null()
	  Underline=Null()
	  Strikeout=Null()
	  Color=Null()
	  PitchAndFamily=Null()
	  OutPrecision=Null()
	  }
	 TitleFormula.OutputFormatter=
	 TitlePosition=2
	 Background=True
	 [Background]
	  {
	  [Filling]
	   {
	   bShow=0
	   }
	  [Frame]
	   {
	   bShow=1
	   Color=RGB(180,180,180)
	   Width=0
	   }
	  [Shadow]
	   {
	   bShow=0
	   }
	  Rounding=0
	  }
	 Colors\Color0=LL.Scheme.Color0
	 Colors\Color1=LL.Scheme.Color1
	 Colors\Color2=LL.Scheme.Color2
	 Colors\Color3=LL.Scheme.Color3
	 Colors\Color4=LL.Scheme.Color4
	 Colors\Color5=LL.Scheme.Color5
	 Colors\Color6=LL.Scheme.Color6
	 Colors\Color7=LL.Scheme.Color7
	 Colors\Color8=LL.Scheme.Color8
	 Colors\Color9=LL.Scheme.Color9
	 EnhancedColorContrast=False
	 Version=2
	 UUID={E46BEDE4-4FB8-4C33-8684-19920CAD2DBC}
	 }
	}
   }
  }
[UserVariables]
[Parameters]
 [@Parameters]
  {
  [Parameters]
   {
   LL.MultiPassCondition=PrintPassIndex()=PrintPassCount()
   LL.MultiPassCount=1
   LL.ProjectDescription=List & Label Projektdatei
   }
  }
[UsedIdentifiers]
 Variables=
 Fields=ITEMS.ARTICLENO;ITEMS.COUNT;ITEMS.PRICEPP;Items.ARTICLENO;Items.COUNT;Items.PRICEPP
 ChartFields=
[PageLayouts]
 [@PageLayouts]
  {
  [PageLayouts]
   {
   [PageLayout]
	{
	DisplayName=
	Condition=True
	SourceTray=0
	ForcePaperFormat=True
	UsePhysicalPaper=True
	PaperFormat=9
	PaperFormat.cx=210010
	PaperFormat.cy=297010
	PaperFormat.Orientation=1
	Copies=1
	Duplex=0
	Collate=0
	FitPage=False
	ShowInPrintDialog=True
	}
   }
  }
[ExtendedInfo]
 [@ExtendedInfos]
  {
  [UIDescriptions]
   {
   0=Diagramm_Drilldown.lst
   }
  [Subreports]
   {
   }
  }
