[List description]
[Description]
 Text=Report with subtable
 FileVersion=16
 RootTable=INVOICE
 Units=SCM-Units
 Metric=3
 TextQuote.Start=1
 TextQuote.End=1
 RepresentationCode.CondStart=171
 RepresentationCode.CondSep=166
 RepresentationCode.CondEnd=187
 RepresentationCode.Tab=247
 RepresentationCode.Ret=182
 RepresentationCode.PhantomSpace=8203
 RepresentationCode.LockNextChar=8288
 RepresentationCode.ExprSep=164
 LCID=1031
 UserVars.ManualSortOrder=1
 CreatedByCallFrom=XPPRT1.dll
 [@DatabaseStructure]
  {
  [DatabaseStructures]
   {
   [DatabaseStructure]
	{
	[Table:INVOICE]
	 {
	 }
	[Table:ITEMS]
	 {
	 [Relations]
	  {
	  InvoiceToItems=INVOICE
	  }
	 }
	}
   }
  }
[Layout]
 P1.Template=
 xGrid=1000
 yGrid=1000
 GridShow=FALSE
 GridSnap=FALSE
 EnhancedExpressions=TRUE
 EnhancedOldExpressions=FALSE
 Decimals=2
 RealDataPreviewPageLimit=-2
 DefFont={(0,0,0),12.000000,-16,0,0,0,400,0,0,0,0,4,0,0,0,Arial}
 HelpLines.Horizontal=
 HelpLines.Vertical=
 PDF.MaxOutlineDepth=2
 PDF.MaxOutlineDepth.IDX=3
 DefaultSize.Objecttype1=(0,0,186030,13010)
 DefaultSize.Objecttype6=(0,0,175940,235130)
 ObjectCount=3
[UserSection]
 
[SumVariables]
[Layer]
 Name=Basis
 Condition=
 WorkspaceColor=(102,102,102)
 Visible=TRUE
 LayerID=0
[Layer]
 Name=Erste Seite
 Condition=Page() = 1
 WorkspaceColor=(197,207,10)
 Visible=TRUE
 LayerID=1
[Layer]
 Name=Folgeseiten
 Condition=Page() <> 1
 WorkspaceColor=(161,203,243)
 Visible=TRUE
 LayerID=2
[ProjectTemplates]
 [@ProjectTemplates]
  {
  [ProjectTemplates]
   {
   }
  }
[Object]
 ObjectID=2
 ObjectName=Rechteck
 Locked=FALSE
 LinkUUID={DBE30C03-7C5D-4E47-B383-D1CDA657B0A7}
 LinkMode=32
 LayerID=0
 LayerCond=
 GroupUUID=
 Identifier=Background
 Condition=True
 UserLocked=True
 WrapBefore=False
 ExportAsPicture=False
 Position/Left=0
 Position/Top=0
 Position/Width=#LL.Device.Page.Size.cx
 Position/Height=#LL.Device.Page.Size.cy
 Direction=0
 PDFLevel=0
 PDFText=
 IndexPDFLevel=0
 IndexPDFText=
 IssueCondition=True
 Link.URL=
 Animation=""
 bFrame=0
 bFill=1
 Raster=1
 BkColor=LL.Scheme.BackgroundColor2
 bShadow=0
 Rounding=0
[Object]
 ObjectID=1
 ObjectName=Text
 Locked=FALSE
 LinkUUID={E491B0B5-1055-4485-89E4-8B87D9280049}
 LinkMode=0
 LayerID=0
 LayerCond=
 GroupUUID=
 Identifier=Header
 Condition=True
 UserLocked=False
 WrapBefore=False
 bPageWrap=False
 ExportAsPicture=False
 Position/Left=19990
 Position/Top=24990
 Position/Width=150010
 Position/Height=11980
 Direction=0
 bFill=0
 Frame/Layout=0
 Frame/Left/Spacing=0
 Frame/Left/Line=False
 Frame/Top/Spacing=0
 Frame/Top/Line=False
 Frame/Right/Spacing=0
 Frame/Right/Line=False
 Frame/Bottom/Spacing=0
 Frame/Bottom/Line=False
 PDFLevel=0
 PDFText=
 IndexPDFLevel=0
 IndexPDFText=
 IssueCondition=True
 Link.URL=
 Animation=""
 HTMLAnimation=""
 bBottomAligned=0
 [@Lines]
  {
  [Lines]
   {
   [Line]
	{
	[Font]
	 {
	 Default=False
	 FaceName="Calibri"
	 GdiCharSet=0
	 Size=28.0
	 Width=0
	 Bold=False
	 Italic=False
	 Underline=False
	 Strikeout=False
	 Color=LL.Color.White
	 PitchAndFamily=34
	 OutPrecision=3
	 }
	Align=0
	Adjusted=False
	Uneraseable=False
	LineWrap=1
	PageWrapAllowed=True
	ForceWrap=False
	SpaceOptimization=True
	Spacing.Paragraph=0
	Spacing.Line=0
	OutputFormatter=
	Condition=True
	[ConditionalFormatter]
	 {
	 }
	Text="Invoice Overview"
	Tab=0
	TabAlign=0
	}
   }
  }
[Object]
 ObjectID=6
 ObjectName=Berichtscontainer
 Locked=FALSE
 LinkUUID={887DC9BF-62C0-4F40-A7C8-4B4651ADDA8D}
 LinkMode=32
 LayerID=0
 LayerCond=
 GroupUUID=
 Identifier=
 Condition=True
 UserLocked=False
 WrapBefore=False
 Position/Left=19990
 Position/Top=49510
 Position/Width=175940
 Position/Height=235130
 Direction=0
 Frame/Layout=0
 Frame/Left/Spacing=0
 Frame/Left/Line=False
 Frame/Top/Spacing=0
 Frame/Top/Line=False
 Frame/Right/Spacing=0
 Frame/Right/Line=False
 Frame/Bottom/Spacing=0
 Frame/Bottom/Line=False
 PDFLevel=0
 PDFText=
 IndexPDFLevel=0
 IndexPDFText=
 IssueCondition=True
 Link.URL=
 DefaultFont/Default=True
 DefaultFont/FaceName=Null()
 DefaultFont/GdiCharSet=Null()
 DefaultFont/Size=Null()
 DefaultFont/Width=#Null()
 DefaultFont/Bold=Null()
 DefaultFont/Italic=Null()
 DefaultFont/Underline=Null()
 DefaultFont/Strikeout=Null()
 DefaultFont/Color=Null()
 DefaultFont/PitchAndFamily=Null()
 DefaultFont/OutPrecision=Null()
 FgColor=RGB(180,180,180)
 bFill=1
 Raster=1
 BkColor=LL.Color.White
 CurrentTable=0
 ColumnCount=1
 ColumnCount.Distance=1000
 [@Tables]
  {
  [Tables]
   {
   [Table]
	{
	TableType=List
	TableID=INVOICE
	RelationID=
	LinkUUID={41773F82-2492-41B3-A78E-B5D97B542EC8}
	[GroupHeaderLines]
	 {
	 bConcatDataLines=True
	 bKeepTogether=False
	 }
	[GroupFooterLines]
	 {
	 bAlsoOnEmptyGroup=False
	 bKeepTogether=False
	 }
	[DataLines]
	 {
	 bKeepTogether=True
	 [bKeepTogether]
	  {
	  IndexedGroups=False
	  }
	 bSuppress=False
	 bForceSumCalculation=True
	 }
	ZebraPattern=0
	[FooterLines]
	 {
	 bKeepTogether=False
	 }
	PageBreakCondition=False
	[DefaultFrame]
	 {
	 Layout=1
	 [Left]
	  {
	  Spacing=1000
	  Line=True
	  [Line]
	   {
	   Color=RGB(180,180,180)
	   LineType=0
	   }
	  LineWidth=0
	  }
	 [Top]
	  {
	  Spacing=500
	  Line=True
	  [Line]
	   {
	   Color=RGB(180,180,180)
	   LineType=0
	   }
	  LineWidth=0
	  }
	 [Right]
	  {
	  Spacing=1000
	  Line=True
	  [Line]
	   {
	   Color=RGB(180,180,180)
	   LineType=0
	   }
	  LineWidth=0
	  }
	 [Bottom]
	  {
	  Spacing=500
	  Line=True
	  [Line]
	   {
	   Color=RGB(180,180,180)
	   LineType=0
	   }
	  LineWidth=0
	  }
	 }
	UseSepTicks=True
	ColumnCount=0
	ColumnCount.Distance=1000
	FillPrioHorizonal=False
	ColumnBreakCondition=False
	ColumnBreakBefore=False
	bFooterOnBottom=False
	bFillBottom=False
	Identifier=
	Condition=True
	DistanceTop=2000
	DistanceBottom=3000
	WrapBefore=False
	ShowInContextUI=True
	PDFLevel=0
	PDFText=
	IndexPDFLevel=0
	IndexPDFText=
	Expandable=True
	FormulaFilter=True
	DesignScheme="PROJECT"
	Animation=""
	Subreport=False
	[Body]
	 {
	 [Lines]
	  {
	  [Line]
	   {
	   [Columns]
		{
		[Column]
		 {
		 Identifier=
		 Text=Invoice.BILLNO
		 Width=29100
		 Height=10000
		 FixedHeight=0
		 bIsotropic=True
		 PlainTextFormat=True
		 Align=0
		 AlignDecPosition=-10000
		 VAlign=0
		 DrawingAlignment=0
		 Adjusted=False
		 LineWrap=1
		 ForceWrap=False
		 FlowControl=False
		 Spacing.Line=0
		 bFill=1
		 Raster=1
		 BkColor=LL.Color.DarkSalmon
		 FgColor=LL.Color.Black
		 SpaceOptimization=True
		 Link.URL=
		 WithText=False
		 MatchDevicePixel=False
		 [Frame]
		  {
		  Default=True
		  Layout=1
		  [Left]
		   {
		   Spacing=1000
		   Line=True
		   [Line]
			{
			Color=RGB(180,180,180)
			LineType=0
			}
		   LineWidth=0
		   }
		  [Top]
		   {
		   Spacing=500
		   Line=True
		   [Line]
			{
			Color=RGB(180,180,180)
			LineType=0
			}
		   LineWidth=0
		   }
		  [Right]
		   {
		   Spacing=1000
		   Line=True
		   [Line]
			{
			Color=RGB(180,180,180)
			LineType=0
			}
		   LineWidth=0
		   }
		  [Bottom]
		   {
		   Spacing=500
		   Line=True
		   [Line]
			{
			Color=RGB(180,180,180)
			LineType=0
			}
		   LineWidth=0
		   }
		  }
		 [Font]
		  {
		  Default=True
		  FaceName=Null()
		  GdiCharSet=Null()
		  Size=Null()
		  Width=#Null()
		  Bold=Null()
		  Italic=Null()
		  Underline=Null()
		  Strikeout=Null()
		  Color=Null()
		  PitchAndFamily=Null()
		  OutPrecision=Null()
		  }
		 Direction=0
		 BarWidth=0
		 [BarWidth]
		  {
		  Align=0
		  }
		 BarRatio=0
		 ExportAsPicture=False
		 DwgSaveAsJPEG=0
		 Condition=True
		 Animation=""
		 HTMLAnimation=""
		 }
		[Column]
		 {
		 Identifier=
		 Text=Invoice.NAME
		 Width=55490
		 Height=10000
		 FixedHeight=0
		 bIsotropic=True
		 PlainTextFormat=True
		 Align=0
		 AlignDecPosition=-10000
		 VAlign=0
		 DrawingAlignment=0
		 Adjusted=False
		 LineWrap=1
		 ForceWrap=False
		 FlowControl=False
		 Spacing.Line=0
		 bFill=1
		 Raster=1
		 BkColor=LL.Color.DarkSalmon
		 FgColor=LL.Color.Black
		 SpaceOptimization=True
		 Link.URL=
		 WithText=False
		 MatchDevicePixel=False
		 [Frame]
		  {
		  Default=True
		  Layout=1
		  [Left]
		   {
		   Spacing=1000
		   Line=True
		   [Line]
			{
			Color=RGB(180,180,180)
			LineType=0
			}
		   LineWidth=0
		   }
		  [Top]
		   {
		   Spacing=500
		   Line=True
		   [Line]
			{
			Color=RGB(180,180,180)
			LineType=0
			}
		   LineWidth=0
		   }
		  [Right]
		   {
		   Spacing=1000
		   Line=True
		   [Line]
			{
			Color=RGB(180,180,180)
			LineType=0
			}
		   LineWidth=0
		   }
		  [Bottom]
		   {
		   Spacing=500
		   Line=True
		   [Line]
			{
			Color=RGB(180,180,180)
			LineType=0
			}
		   LineWidth=0
		   }
		  }
		 [Font]
		  {
		  Default=True
		  FaceName=Null()
		  GdiCharSet=Null()
		  Size=Null()
		  Width=#Null()
		  Bold=Null()
		  Italic=Null()
		  Underline=Null()
		  Strikeout=Null()
		  Color=Null()
		  PitchAndFamily=Null()
		  OutPrecision=Null()
		  }
		 Direction=0
		 BarWidth=0
		 [BarWidth]
		  {
		  Align=0
		  }
		 BarRatio=0
		 ExportAsPicture=False
		 DwgSaveAsJPEG=0
		 Condition=True
		 Animation=""
		 HTMLAnimation=""
		 }
		[Column]
		 {
		 Identifier=
		 Text=Invoice.CITY
		 Width=91330
		 Height=10000
		 FixedHeight=0
		 bIsotropic=True
		 PlainTextFormat=True
		 Align=0
		 AlignDecPosition=-10000
		 VAlign=0
		 DrawingAlignment=0
		 Adjusted=False
		 LineWrap=1
		 ForceWrap=False
		 FlowControl=False
		 Spacing.Line=0
		 bFill=1
		 Raster=1
		 BkColor=LL.Color.DarkSalmon
		 FgColor=LL.Color.Black
		 SpaceOptimization=True
		 Link.URL=
		 WithText=False
		 MatchDevicePixel=False
		 [Frame]
		  {
		  Default=True
		  Layout=1
		  [Left]
		   {
		   Spacing=1000
		   Line=True
		   [Line]
			{
			Color=RGB(180,180,180)
			LineType=0
			}
		   LineWidth=0
		   }
		  [Top]
		   {
		   Spacing=500
		   Line=True
		   [Line]
			{
			Color=RGB(180,180,180)
			LineType=0
			}
		   LineWidth=0
		   }
		  [Right]
		   {
		   Spacing=1000
		   Line=True
		   [Line]
			{
			Color=RGB(180,180,180)
			LineType=0
			}
		   LineWidth=0
		   }
		  [Bottom]
		   {
		   Spacing=500
		   Line=True
		   [Line]
			{
			Color=RGB(180,180,180)
			LineType=0
			}
		   LineWidth=0
		   }
		  }
		 [Font]
		  {
		  Default=True
		  FaceName=Null()
		  GdiCharSet=Null()
		  Size=Null()
		  Width=#Null()
		  Bold=Null()
		  Italic=Null()
		  Underline=Null()
		  Strikeout=Null()
		  Color=Null()
		  PitchAndFamily=Null()
		  OutPrecision=Null()
		  }
		 Direction=0
		 BarWidth=0
		 [BarWidth]
		  {
		  Align=0
		  }
		 BarRatio=0
		 ExportAsPicture=False
		 DwgSaveAsJPEG=0
		 Condition=True
		 Animation=""
		 HTMLAnimation=""
		 }
		}
	   [Options]
		{
		Description=
		[LFont]
		 {
		 Default=True
		 FaceName=Null()
		 GdiCharSet=Null()
		 Size=Null()
		 Width=#Null()
		 Bold=Null()
		 Italic=Null()
		 Underline=Null()
		 Strikeout=Null()
		 Color=Null()
		 PitchAndFamily=Null()
		 OutPrecision=Null()
		 }
		DisplayInDesigner=True
		PDFLevel=0
		PDFText=
		IndexPDFLevel=0
		IndexPDFText=
		[ReservedSpace]
		 {
		 Left=0
		 Top=0
		 Right=0
		 Bottom=0
		 }
		LCondition=True
		IndexedGroups=0
		Anchor=0
		Anchor.ToTop=True
		}
	   }
	  }
	 [Options]
	  {
	  }
	 }
	[Header]
	 {
	 [Lines]
	  {
	  [Line]
	   {
	   [Columns]
		{
		[Column]
		 {
		 Identifier=
		 Text="BILLNO"
		 Width=29100
		 Height=10000
		 FixedHeight=0
		 bIsotropic=True
		 PlainTextFormat=True
		 Align=0
		 AlignDecPosition=-10000
		 VAlign=0
		 DrawingAlignment=0
		 Adjusted=False
		 LineWrap=1
		 ForceWrap=False
		 FlowControl=False
		 Spacing.Line=0
		 bFill=0
		 FgColor=LL.Color.Black
		 SpaceOptimization=True
		 Link.URL=
		 WithText=False
		 MatchDevicePixel=False
		 [Frame]
		  {
		  Default=True
		  Layout=1
		  [Left]
		   {
		   Spacing=1000
		   Line=True
		   [Line]
			{
			Color=RGB(180,180,180)
			LineType=0
			}
		   LineWidth=0
		   }
		  [Top]
		   {
		   Spacing=500
		   Line=True
		   [Line]
			{
			Color=RGB(180,180,180)
			LineType=0
			}
		   LineWidth=0
		   }
		  [Right]
		   {
		   Spacing=1000
		   Line=True
		   [Line]
			{
			Color=RGB(180,180,180)
			LineType=0
			}
		   LineWidth=0
		   }
		  [Bottom]
		   {
		   Spacing=500
		   Line=True
		   [Line]
			{
			Color=RGB(180,180,180)
			LineType=0
			}
		   LineWidth=0
		   }
		  }
		 [Font]
		  {
		  Default=True
		  FaceName=Null()
		  GdiCharSet=Null()
		  Size=Null()
		  Width=#Null()
		  Bold=Null()
		  Italic=Null()
		  Underline=Null()
		  Strikeout=Null()
		  Color=Null()
		  PitchAndFamily=Null()
		  OutPrecision=Null()
		  }
		 Direction=0
		 BarWidth=0
		 [BarWidth]
		  {
		  Align=0
		  }
		 BarRatio=0
		 ExportAsPicture=False
		 DwgSaveAsJPEG=0
		 Condition=True
		 Animation=""
		 HTMLAnimation=""
		 }
		[Column]
		 {
		 Identifier=
		 Text="NAME"
		 Width=55490
		 Height=10000
		 FixedHeight=0
		 bIsotropic=True
		 PlainTextFormat=True
		 Align=0
		 AlignDecPosition=-10000
		 VAlign=0
		 DrawingAlignment=0
		 Adjusted=False
		 LineWrap=1
		 ForceWrap=False
		 FlowControl=False
		 Spacing.Line=0
		 bFill=0
		 FgColor=LL.Color.Black
		 SpaceOptimization=True
		 Link.URL=
		 WithText=False
		 MatchDevicePixel=False
		 [Frame]
		  {
		  Default=True
		  Layout=1
		  [Left]
		   {
		   Spacing=1000
		   Line=True
		   [Line]
			{
			Color=RGB(180,180,180)
			LineType=0
			}
		   LineWidth=0
		   }
		  [Top]
		   {
		   Spacing=500
		   Line=True
		   [Line]
			{
			Color=RGB(180,180,180)
			LineType=0
			}
		   LineWidth=0
		   }
		  [Right]
		   {
		   Spacing=1000
		   Line=True
		   [Line]
			{
			Color=RGB(180,180,180)
			LineType=0
			}
		   LineWidth=0
		   }
		  [Bottom]
		   {
		   Spacing=500
		   Line=True
		   [Line]
			{
			Color=RGB(180,180,180)
			LineType=0
			}
		   LineWidth=0
		   }
		  }
		 [Font]
		  {
		  Default=True
		  FaceName=Null()
		  GdiCharSet=Null()
		  Size=Null()
		  Width=#Null()
		  Bold=Null()
		  Italic=Null()
		  Underline=Null()
		  Strikeout=Null()
		  Color=Null()
		  PitchAndFamily=Null()
		  OutPrecision=Null()
		  }
		 Direction=0
		 BarWidth=0
		 [BarWidth]
		  {
		  Align=0
		  }
		 BarRatio=0
		 ExportAsPicture=False
		 DwgSaveAsJPEG=0
		 Condition=True
		 Animation=""
		 HTMLAnimation=""
		 }
		[Column]
		 {
		 Identifier=
		 Text="CITY"
		 Width=91330
		 Height=10000
		 FixedHeight=0
		 bIsotropic=True
		 PlainTextFormat=True
		 Align=0
		 AlignDecPosition=-10000
		 VAlign=0
		 DrawingAlignment=0
		 Adjusted=False
		 LineWrap=1
		 ForceWrap=False
		 FlowControl=False
		 Spacing.Line=0
		 bFill=0
		 FgColor=LL.Color.Black
		 SpaceOptimization=True
		 Link.URL=
		 WithText=False
		 MatchDevicePixel=False
		 [Frame]
		  {
		  Default=True
		  Layout=1
		  [Left]
		   {
		   Spacing=1000
		   Line=True
		   [Line]
			{
			Color=RGB(180,180,180)
			LineType=0
			}
		   LineWidth=0
		   }
		  [Top]
		   {
		   Spacing=500
		   Line=True
		   [Line]
			{
			Color=RGB(180,180,180)
			LineType=0
			}
		   LineWidth=0
		   }
		  [Right]
		   {
		   Spacing=1000
		   Line=True
		   [Line]
			{
			Color=RGB(180,180,180)
			LineType=0
			}
		   LineWidth=0
		   }
		  [Bottom]
		   {
		   Spacing=500
		   Line=True
		   [Line]
			{
			Color=RGB(180,180,180)
			LineType=0
			}
		   LineWidth=0
		   }
		  }
		 [Font]
		  {
		  Default=True
		  FaceName=Null()
		  GdiCharSet=Null()
		  Size=Null()
		  Width=#Null()
		  Bold=Null()
		  Italic=Null()
		  Underline=Null()
		  Strikeout=Null()
		  Color=Null()
		  PitchAndFamily=Null()
		  OutPrecision=Null()
		  }
		 Direction=0
		 BarWidth=0
		 [BarWidth]
		  {
		  Align=0
		  }
		 BarRatio=0
		 ExportAsPicture=False
		 DwgSaveAsJPEG=0
		 Condition=True
		 Animation=""
		 HTMLAnimation=""
		 }
		}
	   [Options]
		{
		Description=
		[LFont]
		 {
		 Default=True
		 FaceName=Null()
		 GdiCharSet=Null()
		 Size=Null()
		 Width=#Null()
		 Bold=Null()
		 Italic=Null()
		 Underline=Null()
		 Strikeout=Null()
		 Color=Null()
		 PitchAndFamily=Null()
		 OutPrecision=Null()
		 }
		DisplayInDesigner=True
		PDFLevel=0
		PDFText=
		IndexPDFLevel=0
		IndexPDFText=
		[ReservedSpace]
		 {
		 Left=0
		 Top=0
		 Right=0
		 Bottom=0
		 }
		LCondition=True
		Anchor=0
		Anchor.ToTop=True
		}
	   }
	  }
	 [Options]
	  {
	  }
	 }
	[Footer]
	 {
	 [Lines]
	  {
	  [Line]
	   {
	   [Columns]
		{
		}
	   [Options]
		{
		Description=
		[LFont]
		 {
		 Default=True
		 FaceName=Null()
		 GdiCharSet=Null()
		 Size=Null()
		 Width=#Null()
		 Bold=Null()
		 Italic=Null()
		 Underline=Null()
		 Strikeout=Null()
		 Color=Null()
		 PitchAndFamily=Null()
		 OutPrecision=Null()
		 }
		DisplayInDesigner=True
		PDFLevel=0
		PDFText=
		IndexPDFLevel=0
		IndexPDFText=
		[ReservedSpace]
		 {
		 Left=0
		 Top=0
		 Right=0
		 Bottom=0
		 }
		LCondition=True
		IndexedGroups=0
		Anchor=0
		Anchor.ToTop=True
		}
	   }
	  }
	 [Options]
	  {
	  }
	 }
	[GroupHeader]
	 {
	 [Lines]
	  {
	  [Line]
	   {
	   [Columns]
		{
		}
	   [Options]
		{
		Description=
		[LFont]
		 {
		 Default=True
		 FaceName=Null()
		 GdiCharSet=Null()
		 Size=Null()
		 Width=#Null()
		 Bold=Null()
		 Italic=Null()
		 Underline=Null()
		 Strikeout=Null()
		 Color=Null()
		 PitchAndFamily=Null()
		 OutPrecision=Null()
		 }
		DisplayInDesigner=True
		PDFLevel=1
		PDFText=
		IndexPDFLevel=0
		IndexPDFText=
		[ReservedSpace]
		 {
		 Left=0
		 Top=1000
		 Right=0
		 Bottom=0
		 }
		Anchor=0
		Anchor.ToTop=True
		GroupCondition=
		ResetSums=
		OnNewPage=False
		PrintRightAfterHeader=False
		KeepTogether.Group=False
		LCondition=True
		Expandable=False
		}
	   }
	  }
	 [Options]
	  {
	  }
	 }
	[GroupFooter]
	 {
	 [Lines]
	  {
	  [Line]
	   {
	   [Columns]
		{
		}
	   [Options]
		{
		Description=
		[LFont]
		 {
		 Default=True
		 FaceName=Null()
		 GdiCharSet=Null()
		 Size=Null()
		 Width=#Null()
		 Bold=Null()
		 Italic=Null()
		 Underline=Null()
		 Strikeout=Null()
		 Color=Null()
		 PitchAndFamily=Null()
		 OutPrecision=Null()
		 }
		DisplayInDesigner=True
		PDFLevel=0
		PDFText=
		IndexPDFLevel=0
		IndexPDFText=
		[ReservedSpace]
		 {
		 Left=0
		 Top=0
		 Right=0
		 Bottom=1000
		 }
		Anchor=0
		Anchor.ToTop=True
		GroupCondition=
		ResetSums=
		TriggerNewPage=False
		LCondition=True
		}
	   }
	  }
	 [Options]
	  {
	  }
	 }
	[ChildTables]
	 {
	 [Table]
	  {
	  TableType=List
	  TableID=ITEMS
	  RelationID=InvoiceToItems
	  LinkUUID={8B2EDBE3-E84C-4BC5-AD92-D52907D70F18}
	  [GroupHeaderLines]
	   {
	   bConcatDataLines=True
	   bKeepTogether=False
	   }
	  [GroupFooterLines]
	   {
	   bAlsoOnEmptyGroup=False
	   bKeepTogether=False
	   }
	  [DataLines]
	   {
	   bKeepTogether=True
	   [bKeepTogether]
		{
		IndexedGroups=False
		}
	   bSuppress=False
	   bForceSumCalculation=True
	   }
	  ZebraPattern=0
	  [FooterLines]
	   {
	   bKeepTogether=False
	   }
	  PageBreakCondition=False
	  [DefaultFrame]
	   {
	   Layout=1
	   [Left]
		{
		Spacing=1000
		Line=True
		[Line]
		 {
		 Color=RGB(180,180,180)
		 LineType=0
		 }
		LineWidth=0
		}
	   [Top]
		{
		Spacing=500
		Line=True
		[Line]
		 {
		 Color=RGB(180,180,180)
		 LineType=0
		 }
		LineWidth=0
		}
	   [Right]
		{
		Spacing=1000
		Line=True
		[Line]
		 {
		 Color=RGB(180,180,180)
		 LineType=0
		 }
		LineWidth=0
		}
	   [Bottom]
		{
		Spacing=500
		Line=True
		[Line]
		 {
		 Color=RGB(180,180,180)
		 LineType=0
		 }
		LineWidth=0
		}
	   }
	  UseSepTicks=True
	  ColumnCount=0
	  ColumnCount.Distance=1000
	  Identifier=
	  Condition=True
	  DistanceTop=2000
	  DistanceBottom=3000
	  WrapBefore=False
	  ShowInContextUI=True
	  PDFLevel=0
	  PDFText=
	  IndexPDFLevel=0
	  IndexPDFText=
	  Expandable=False
	  FormulaFilter=True
	  DesignScheme="PROJECT"
	  Subreport=False
	  [Body]
	   {
	   [Lines]
		{
		[Line]
		 {
		 [Columns]
		  {
		  [Column]
		   {
		   Identifier=
		   Text=Items.BILLNO
		   Width=35770
		   Height=10000
		   FixedHeight=0
		   bIsotropic=True
		   PlainTextFormat=True
		   Align=0
		   AlignDecPosition=-10000
		   VAlign=0
		   DrawingAlignment=0
		   Adjusted=False
		   LineWrap=1
		   ForceWrap=False
		   FlowControl=False
		   Spacing.Line=0
		   bFill=0
		   FgColor=LL.Color.Black
		   SpaceOptimization=True
		   Link.URL=
		   WithText=False
		   MatchDevicePixel=False
		   [Frame]
			{
			Default=True
			Layout=1
			[Left]
			 {
			 Spacing=1000
			 Line=True
			 [Line]
			  {
			  Color=RGB(180,180,180)
			  LineType=0
			  }
			 LineWidth=0
			 }
			[Top]
			 {
			 Spacing=500
			 Line=True
			 [Line]
			  {
			  Color=RGB(180,180,180)
			  LineType=0
			  }
			 LineWidth=0
			 }
			[Right]
			 {
			 Spacing=1000
			 Line=True
			 [Line]
			  {
			  Color=RGB(180,180,180)
			  LineType=0
			  }
			 LineWidth=0
			 }
			[Bottom]
			 {
			 Spacing=500
			 Line=True
			 [Line]
			  {
			  Color=RGB(180,180,180)
			  LineType=0
			  }
			 LineWidth=0
			 }
			}
		   [Font]
			{
			Default=True
			FaceName=Null()
			GdiCharSet=Null()
			Size=Null()
			Width=#Null()
			Bold=Null()
			Italic=Null()
			Underline=Null()
			Strikeout=Null()
			Color=Null()
			PitchAndFamily=Null()
			OutPrecision=Null()
			}
		   Direction=0
		   BarWidth=0
		   [BarWidth]
			{
			Align=0
			}
		   BarRatio=0
		   ExportAsPicture=False
		   DwgSaveAsJPEG=0
		   Condition=True
		   Animation=""
		   HTMLAnimation=""
		   }
		  [Column]
		   {
		   Identifier=
		   Text=Items.ARTICLENO
		   Width=35770
		   Height=10000
		   FixedHeight=0
		   bIsotropic=True
		   PlainTextFormat=True
		   Align=0
		   AlignDecPosition=-10000
		   VAlign=0
		   DrawingAlignment=0
		   Adjusted=False
		   LineWrap=1
		   ForceWrap=False
		   FlowControl=False
		   Spacing.Line=0
		   bFill=0
		   FgColor=LL.Color.Black
		   SpaceOptimization=True
		   Link.URL=
		   WithText=False
		   MatchDevicePixel=False
		   [Frame]
			{
			Default=True
			Layout=1
			[Left]
			 {
			 Spacing=1000
			 Line=True
			 [Line]
			  {
			  Color=RGB(180,180,180)
			  LineType=0
			  }
			 LineWidth=0
			 }
			[Top]
			 {
			 Spacing=500
			 Line=True
			 [Line]
			  {
			  Color=RGB(180,180,180)
			  LineType=0
			  }
			 LineWidth=0
			 }
			[Right]
			 {
			 Spacing=1000
			 Line=True
			 [Line]
			  {
			  Color=RGB(180,180,180)
			  LineType=0
			  }
			 LineWidth=0
			 }
			[Bottom]
			 {
			 Spacing=500
			 Line=True
			 [Line]
			  {
			  Color=RGB(180,180,180)
			  LineType=0
			  }
			 LineWidth=0
			 }
			}
		   [Font]
			{
			Default=True
			FaceName=Null()
			GdiCharSet=Null()
			Size=Null()
			Width=#Null()
			Bold=Null()
			Italic=Null()
			Underline=Null()
			Strikeout=Null()
			Color=Null()
			PitchAndFamily=Null()
			OutPrecision=Null()
			}
		   Direction=0
		   BarWidth=0
		   [BarWidth]
			{
			Align=0
			}
		   BarRatio=0
		   ExportAsPicture=False
		   DwgSaveAsJPEG=0
		   Condition=True
		   Animation=""
		   HTMLAnimation=""
		   }
		  [Column]
		   {
		   Identifier=
		   Text=Items.DESCRIPT1
		   Width=104390
		   Height=10000
		   FixedHeight=0
		   bIsotropic=True
		   PlainTextFormat=True
		   Align=0
		   AlignDecPosition=-10000
		   VAlign=0
		   DrawingAlignment=0
		   Adjusted=False
		   LineWrap=1
		   ForceWrap=False
		   FlowControl=False
		   Spacing.Line=0
		   bFill=0
		   FgColor=LL.Color.Black
		   SpaceOptimization=True
		   Link.URL=
		   WithText=False
		   MatchDevicePixel=False
		   [Frame]
			{
			Default=True
			Layout=1
			[Left]
			 {
			 Spacing=1000
			 Line=True
			 [Line]
			  {
			  Color=RGB(180,180,180)
			  LineType=0
			  }
			 LineWidth=0
			 }
			[Top]
			 {
			 Spacing=500
			 Line=True
			 [Line]
			  {
			  Color=RGB(180,180,180)
			  LineType=0
			  }
			 LineWidth=0
			 }
			[Right]
			 {
			 Spacing=1000
			 Line=True
			 [Line]
			  {
			  Color=RGB(180,180,180)
			  LineType=0
			  }
			 LineWidth=0
			 }
			[Bottom]
			 {
			 Spacing=500
			 Line=True
			 [Line]
			  {
			  Color=RGB(180,180,180)
			  LineType=0
			  }
			 LineWidth=0
			 }
			}
		   [Font]
			{
			Default=True
			FaceName=Null()
			GdiCharSet=Null()
			Size=Null()
			Width=#Null()
			Bold=Null()
			Italic=Null()
			Underline=Null()
			Strikeout=Null()
			Color=Null()
			PitchAndFamily=Null()
			OutPrecision=Null()
			}
		   Direction=0
		   BarWidth=0
		   [BarWidth]
			{
			Align=0
			}
		   BarRatio=0
		   ExportAsPicture=False
		   DwgSaveAsJPEG=0
		   Condition=True
		   Animation=""
		   HTMLAnimation=""
		   }
		  }
		 [Options]
		  {
		  Description=
		  [LFont]
		   {
		   Default=True
		   FaceName=Null()
		   GdiCharSet=Null()
		   Size=Null()
		   Width=#Null()
		   Bold=Null()
		   Italic=Null()
		   Underline=Null()
		   Strikeout=Null()
		   Color=Null()
		   PitchAndFamily=Null()
		   OutPrecision=Null()
		   }
		  DisplayInDesigner=True
		  PDFLevel=0
		  PDFText=
		  IndexPDFLevel=0
		  IndexPDFText=
		  [ReservedSpace]
		   {
		   Left=0
		   Top=0
		   Right=0
		   Bottom=0
		   }
		  LCondition=True
		  IndexedGroups=0
		  Anchor=0
		  Anchor.ToTop=True
		  }
		 }
		[Line]
		 {
		 [Columns]
		  {
		  [Column]
		   {
		   Identifier=
		   Text=Items.DESCRIPT2
		   Width=118370
		   Height=10000
		   FixedHeight=0
		   bIsotropic=True
		   PlainTextFormat=True
		   Align=0
		   AlignDecPosition=-10000
		   VAlign=0
		   DrawingAlignment=0
		   Adjusted=False
		   LineWrap=1
		   ForceWrap=False
		   FlowControl=False
		   Spacing.Line=0
		   bFill=0
		   FgColor=LL.Color.Black
		   SpaceOptimization=True
		   Link.URL=
		   WithText=False
		   MatchDevicePixel=False
		   [Frame]
			{
			Default=True
			Layout=1
			[Left]
			 {
			 Spacing=1000
			 Line=True
			 [Line]
			  {
			  Color=RGB(180,180,180)
			  LineType=0
			  }
			 LineWidth=0
			 }
			[Top]
			 {
			 Spacing=500
			 Line=True
			 [Line]
			  {
			  Color=RGB(180,180,180)
			  LineType=0
			  }
			 LineWidth=0
			 }
			[Right]
			 {
			 Spacing=1000
			 Line=True
			 [Line]
			  {
			  Color=RGB(180,180,180)
			  LineType=0
			  }
			 LineWidth=0
			 }
			[Bottom]
			 {
			 Spacing=500
			 Line=True
			 [Line]
			  {
			  Color=RGB(180,180,180)
			  LineType=0
			  }
			 LineWidth=0
			 }
			}
		   [Font]
			{
			Default=True
			FaceName=Null()
			GdiCharSet=Null()
			Size=Null()
			Width=#Null()
			Bold=Null()
			Italic=Null()
			Underline=Null()
			Strikeout=Null()
			Color=Null()
			PitchAndFamily=Null()
			OutPrecision=Null()
			}
		   Direction=0
		   BarWidth=0
		   [BarWidth]
			{
			Align=0
			}
		   BarRatio=0
		   ExportAsPicture=False
		   DwgSaveAsJPEG=0
		   Condition=True
		   Animation=""
		   HTMLAnimation=""
		   }
		  [Column]
		   {
		   Identifier=
		   Text=Items.COUNT
		   Width=15000
		   Height=10000
		   FixedHeight=0
		   bIsotropic=True
		   PlainTextFormat=True
		   Align=0
		   AlignDecPosition=-10000
		   VAlign=0
		   DrawingAlignment=0
		   Adjusted=False
		   LineWrap=1
		   ForceWrap=False
		   FlowControl=False
		   Spacing.Line=0
		   bFill=0
		   FgColor=LL.Color.Black
		   SpaceOptimization=True
		   Link.URL=
		   WithText=False
		   MatchDevicePixel=False
		   [Frame]
			{
			Default=True
			Layout=1
			[Left]
			 {
			 Spacing=1000
			 Line=True
			 [Line]
			  {
			  Color=RGB(180,180,180)
			  LineType=0
			  }
			 LineWidth=0
			 }
			[Top]
			 {
			 Spacing=500
			 Line=True
			 [Line]
			  {
			  Color=RGB(180,180,180)
			  LineType=0
			  }
			 LineWidth=0
			 }
			[Right]
			 {
			 Spacing=1000
			 Line=True
			 [Line]
			  {
			  Color=RGB(180,180,180)
			  LineType=0
			  }
			 LineWidth=0
			 }
			[Bottom]
			 {
			 Spacing=500
			 Line=True
			 [Line]
			  {
			  Color=RGB(180,180,180)
			  LineType=0
			  }
			 LineWidth=0
			 }
			}
		   [Font]
			{
			Default=True
			FaceName=Null()
			GdiCharSet=Null()
			Size=Null()
			Width=#Null()
			Bold=Null()
			Italic=Null()
			Underline=Null()
			Strikeout=Null()
			Color=Null()
			PitchAndFamily=Null()
			OutPrecision=Null()
			}
		   Direction=0
		   BarWidth=0
		   [BarWidth]
			{
			Align=0
			}
		   BarRatio=0
		   ExportAsPicture=False
		   DwgSaveAsJPEG=0
		   Condition=True
		   Animation=""
		   HTMLAnimation=""
		   }
		  [Column]
		   {
		   Identifier=
		   Text=Items.PRICEPP
		   Width=30000
		   Height=10000
		   FixedHeight=0
		   bIsotropic=True
		   PlainTextFormat=True
		   Align=0
		   AlignDecPosition=-10000
		   VAlign=0
		   DrawingAlignment=0
		   Adjusted=False
		   LineWrap=1
		   ForceWrap=False
		   FlowControl=False
		   Spacing.Line=0
		   bFill=0
		   FgColor=LL.Color.Black
		   SpaceOptimization=True
		   Link.URL=
		   WithText=False
		   MatchDevicePixel=False
		   [Frame]
			{
			Default=True
			Layout=1
			[Left]
			 {
			 Spacing=1000
			 Line=True
			 [Line]
			  {
			  Color=RGB(180,180,180)
			  LineType=0
			  }
			 LineWidth=0
			 }
			[Top]
			 {
			 Spacing=500
			 Line=True
			 [Line]
			  {
			  Color=RGB(180,180,180)
			  LineType=0
			  }
			 LineWidth=0
			 }
			[Right]
			 {
			 Spacing=1000
			 Line=True
			 [Line]
			  {
			  Color=RGB(180,180,180)
			  LineType=0
			  }
			 LineWidth=0
			 }
			[Bottom]
			 {
			 Spacing=500
			 Line=True
			 [Line]
			  {
			  Color=RGB(180,180,180)
			  LineType=0
			  }
			 LineWidth=0
			 }
			}
		   [Font]
			{
			Default=True
			FaceName=Null()
			GdiCharSet=Null()
			Size=Null()
			Width=#Null()
			Bold=Null()
			Italic=Null()
			Underline=Null()
			Strikeout=Null()
			Color=Null()
			PitchAndFamily=Null()
			OutPrecision=Null()
			}
		   Direction=0
		   BarWidth=0
		   [BarWidth]
			{
			Align=0
			}
		   BarRatio=0
		   ExportAsPicture=False
		   DwgSaveAsJPEG=0
		   Condition=True
		   Animation=""
		   HTMLAnimation=""
		   }
		  }
		 [Options]
		  {
		  Description=
		  [LFont]
		   {
		   Default=True
		   FaceName=Null()
		   GdiCharSet=Null()
		   Size=Null()
		   Width=#Null()
		   Bold=Null()
		   Italic=Null()
		   Underline=Null()
		   Strikeout=Null()
		   Color=Null()
		   PitchAndFamily=Null()
		   OutPrecision=Null()
		   }
		  DisplayInDesigner=True
		  PDFLevel=0
		  PDFText=
		  IndexPDFLevel=0
		  IndexPDFText=
		  [ReservedSpace]
		   {
		   Left=0
		   Top=0
		   Right=0
		   Bottom=0
		   }
		  LCondition=True
		  IndexedGroups=0
		  Anchor=0
		  Anchor.ToTop=True
		  }
		 }
		}
	   [Options]
		{
		}
	   }
	  [Header]
	   {
	   [Lines]
		{
		[Line]
		 {
		 [Columns]
		  {
		  }
		 [Options]
		  {
		  Description=
		  [LFont]
		   {
		   Default=True
		   FaceName=Null()
		   GdiCharSet=Null()
		   Size=Null()
		   Width=#Null()
		   Bold=Null()
		   Italic=Null()
		   Underline=Null()
		   Strikeout=Null()
		   Color=Null()
		   PitchAndFamily=Null()
		   OutPrecision=Null()
		   }
		  DisplayInDesigner=True
		  PDFLevel=0
		  PDFText=
		  IndexPDFLevel=0
		  IndexPDFText=
		  [ReservedSpace]
		   {
		   Left=0
		   Top=0
		   Right=0
		   Bottom=0
		   }
		  LCondition=True
		  Anchor=0
		  Anchor.ToTop=True
		  }
		 }
		}
	   [Options]
		{
		}
	   }
	  [Footer]
	   {
	   [Lines]
		{
		[Line]
		 {
		 [Columns]
		  {
		  }
		 [Options]
		  {
		  Description=
		  [LFont]
		   {
		   Default=True
		   FaceName=Null()
		   GdiCharSet=Null()
		   Size=Null()
		   Width=#Null()
		   Bold=Null()
		   Italic=Null()
		   Underline=Null()
		   Strikeout=Null()
		   Color=Null()
		   PitchAndFamily=Null()
		   OutPrecision=Null()
		   }
		  DisplayInDesigner=True
		  PDFLevel=0
		  PDFText=
		  IndexPDFLevel=0
		  IndexPDFText=
		  [ReservedSpace]
		   {
		   Left=0
		   Top=0
		   Right=0
		   Bottom=0
		   }
		  LCondition=True
		  IndexedGroups=0
		  Anchor=0
		  Anchor.ToTop=True
		  }
		 }
		}
	   [Options]
		{
		}
	   }
	  [GroupHeader]
	   {
	   [Lines]
		{
		[Line]
		 {
		 [Columns]
		  {
		  }
		 [Options]
		  {
		  Description=
		  [LFont]
		   {
		   Default=True
		   FaceName=Null()
		   GdiCharSet=Null()
		   Size=Null()
		   Width=#Null()
		   Bold=Null()
		   Italic=Null()
		   Underline=Null()
		   Strikeout=Null()
		   Color=Null()
		   PitchAndFamily=Null()
		   OutPrecision=Null()
		   }
		  DisplayInDesigner=True
		  PDFLevel=1
		  PDFText=
		  IndexPDFLevel=0
		  IndexPDFText=
		  [ReservedSpace]
		   {
		   Left=0
		   Top=1000
		   Right=0
		   Bottom=0
		   }
		  Anchor=0
		  Anchor.ToTop=True
		  GroupCondition=
		  ResetSums=
		  OnNewPage=False
		  PrintRightAfterHeader=False
		  KeepTogether.Group=False
		  LCondition=True
		  Expandable=False
		  }
		 }
		}
	   [Options]
		{
		}
	   }
	  [GroupFooter]
	   {
	   [Lines]
		{
		[Line]
		 {
		 [Columns]
		  {
		  }
		 [Options]
		  {
		  Description=
		  [LFont]
		   {
		   Default=True
		   FaceName=Null()
		   GdiCharSet=Null()
		   Size=Null()
		   Width=#Null()
		   Bold=Null()
		   Italic=Null()
		   Underline=Null()
		   Strikeout=Null()
		   Color=Null()
		   PitchAndFamily=Null()
		   OutPrecision=Null()
		   }
		  DisplayInDesigner=True
		  PDFLevel=0
		  PDFText=
		  IndexPDFLevel=0
		  IndexPDFText=
		  [ReservedSpace]
		   {
		   Left=0
		   Top=0
		   Right=0
		   Bottom=1000
		   }
		  Anchor=0
		  Anchor.ToTop=True
		  GroupCondition=
		  ResetSums=
		  TriggerNewPage=False
		  LCondition=True
		  }
		 }
		}
	   [Options]
		{
		}
	   }
	  }
	 }
	}
   }
  }
[UserVariables]
[Parameters]
 [@Parameters]
  {
  [Parameters]
   {
   LL.MultiPassCondition=PrintPassIndex()=PrintPassCount()
   LL.MultiPassCount=1
   LL.ProjectDescription=Report with subtable
   }
  }
[UsedIdentifiers]
 Variables=
 Fields=Invoice.BILLNO;Invoice.CITY;Invoice.NAME;Items.ARTICLENO;Items.BILLNO;Items.COUNT;Items.DESCRIPT1;Items.DESCRIPT2;Items.PRICEPP
 ChartFields=
[PageLayouts]
 [@PageLayouts]
  {
  [PageLayouts]
   {
   [PageLayout]
	{
	DisplayName=
	Condition=True
	SourceTray=0
	ForcePaperFormat=True
	UsePhysicalPaper=True
	PaperFormat=9
	PaperFormat.cx=209880
	PaperFormat.cy=297050
	PaperFormat.Orientation=1
	Copies=1
	Duplex=0
	Collate=0
	FitPage=False
	ShowInPrintDialog=True
	}
   }
  }
[ExtendedInfo]
 [@ExtendedInfos]
  {
  [UserDefinedDesignScheme]
   {
   [Foreground]
	{
	Color=(173,215,227)
	Color=(167,195,209)
	Color=(165,170,199)
	Color=(155,122,153)
	Color=(135,95,119)
	Color=(255,230,179)
	Color=(238,190,93)
	Color=(242,167,17)
	Color=(166,178,102)
	Color=(102,204,199)
	}
   [Background]
	{
	Color=(240,249,255)
	Color=(255,230,179)
	Color=(173,215,227)
	Color=(167,195,209)
	FillMode=1
	}
   }
  [UIDescriptions]
   {
   }
  [Subreports]
   {
   }
  }
