[List description]
[Description]
 Text=Different Gauge types
 FileVersion=15
 RootTable=LLStaticTable
 Units=SCM-Units
 Metric=3
 TextQuote.Start=1
 TextQuote.End=1
 RepresentationCode.CondStart=171
 RepresentationCode.CondSep=166
 RepresentationCode.CondEnd=187
 RepresentationCode.Tab=247
 RepresentationCode.Ret=182
 RepresentationCode.PhantomSpace=8203
 RepresentationCode.LockNextChar=8288
 RepresentationCode.ExprSep=164
 LCID=3079
 UserVars.ManualSortOrder=1
 CreatedByCallFrom=atlthunk.dll
 [@DatabaseStructure]
  {
  [DatabaseStructures]
   {
   [DatabaseStructure]
	{
	[Table:LLStaticTable]
	 {
	 }
	}
   }
  }
[Layout]
 P1.Template=
 xGrid=760
 yGrid=760
 GridShow=FALSE
 GridSnap=FALSE
 EnhancedExpressions=TRUE
 EnhancedOldExpressions=FALSE
 Decimals=2
 DefaultMedium=PRV
 RealDataPreviewPageLimit=-2
 DefFont={(0,0,0),12.000000,-16,0,0,0,400,0,0,0,0,4,0,0,0,Arial}
 HelpLines.Horizontal=
 HelpLines.Vertical=
 PDF.MaxOutlineDepth=2
 PDF.MaxOutlineDepth.IDX=3
 DefaultSize.Objecttype1=(0,0,268220,8630)
 DefaultSize.Objecttype2=(0,0,283210,188970)
 DefaultSize.Objecttype6=(0,0,268220,131820)
 DefaultSize.Objecttype11=(0,0,132080,33780)
 ObjectCount=8
[UserSection]
 
[SumVariables]
[Layer]
 Name=Base
 Condition=
 WorkspaceColor=(102,102,102)
 Visible=TRUE
 LayerID=0
[Layer]
 Name=First Page
 Condition=Page() = 1
 WorkspaceColor=(197,207,10)
 Visible=TRUE
 LayerID=1
[Layer]
 Name=Following Pages
 Condition=Page() <> 1
 WorkspaceColor=(161,203,243)
 Visible=TRUE
 LayerID=2
[ProjectTemplates]
 [@ProjectTemplates]
  {
  [ProjectTemplates]
   {
   [ProjectTemplate]
	{
	Identifier=
	Filename=ProjectPath$() + "Include.lst"
	bVisible=True
	Condition=True
	ProjectUUID={44F86EBA-FA26-8FD1-C85D-C81348AA211B}
	}
   }
  }
[Object]
 ObjectID=5
 ObjectName=Bild
 Locked=FALSE
 LinkUUID={390E3CE6-4FD0-4EF6-AFFC-ABB819D2624B}
 LinkMode=32
 LayerID=0
 LayerCond=
 GroupUUID=
 Identifier=Company Logo
 Condition=True
 UserLocked=False
 WrapBefore=False
 ExportAsPicture=False
 Position/Left=242310
 Position/Top=13710
 Position/Width=42410
 Position/Height=27940
 Direction=0
 Frame/Layout=0
 Frame/Left/Spacing=0
 Frame/Left/Line=False
 Frame/Top/Spacing=0
 Frame/Top/Line=False
 Frame/Right/Spacing=0
 Frame/Right/Line=False
 Frame/Bottom/Spacing=0
 Frame/Bottom/Line=False
 PDFLevel=0
 PDFText=
 IndexPDFLevel=0
 IndexPDFText=
 IssueCondition=True
 Link.URL=
 Animation=""
 HTMLAnimation=""
 Mode=0
 Filename=sunshine.gif
 bRelPath=True
 DwgSaveAsJPEG=0
 Embedded=False
 OriginalSize=False
 bIsotropic=True
 Alignment=0
[Object]
 ObjectID=1
 ObjectName=Text
 Locked=FALSE
 LinkUUID={A51EBF7B-5170-4EB5-9F61-158CBF944DFA}
 LinkMode=32
 LayerID=0
 LayerCond=
 GroupUUID=
 Identifier=Heading
 Condition=True
 UserLocked=False
 WrapBefore=False
 bPageWrap=False
 ExportAsPicture=False
 Position/Left=12700
 Position/Top=41650
 Position/Width=209290
 Position/Height=8380
 Direction=0
 bFill=1
 BkColor=@RGB_Red
 Frame/Layout=0
 Frame/Left/Spacing=0
 Frame/Left/Line=False
 Frame/Top/Spacing=0
 Frame/Top/Line=False
 Frame/Right/Spacing=0
 Frame/Right/Line=False
 Frame/Bottom/Spacing=0
 Frame/Bottom/Line=False
 PDFLevel=0
 PDFText=
 IndexPDFLevel=0
 IndexPDFText=
 IssueCondition=True
 Link.URL=
 Animation=""
 HTMLAnimation=""
 bBottomAligned=0
 [@Lines]
  {
  [Lines]
   {
   [Line]
	{
	[Font]
	 {
	 Default=False
	 FaceName="Arial"
	 GdiCharSet=0
	 Size=18.0
	 Width=0
	 Bold=True
	 Italic=False
	 Underline=False
	 Strikeout=False
	 Color=LL.Color.White
	 PitchAndFamily=34
	 OutPrecision=3
	 }
	Align=0
	Adjusted=False
	Uneraseable=False
	LineWrap=1
	PageWrapAllowed=True
	ForceWrap=False
	SpaceOptimization=True
	Spacing.Paragraph=0
	Spacing.Line=0
	OutputFormatter=
	Condition=True
	[ConditionalFormatter]
	 {
	 }
	Text="Different Gauges"
	Tab=0
	TabAlign=0
	}
   }
  }
[Object]
 ObjectID=2
 ObjectName=Rechteck
 Locked=FALSE
 LinkUUID={AFAB5F85-2A37-4CD4-89A3-145D2EAE935A}
 LinkMode=32
 LayerID=0
 LayerCond=
 GroupUUID=
 Identifier=Background_Report Container
 Condition=True
 UserLocked=False
 WrapBefore=False
 ExportAsPicture=False
 Position/Left=12940
 Position/Top=50280
 Position/Width=273140
 Position/Height=149990
 Direction=0
 PDFLevel=0
 PDFText=
 IndexPDFLevel=0
 IndexPDFText=
 IssueCondition=True
 Link.URL=
 Animation=""
 bFrame=1
 FgColor=LL.Color.Black
 Width=0
 LineType=0
 bFill=1
 Raster=1
 BkColor=LL.Color.White
 bShadow=0
 Rounding=0
[Object]
 ObjectID=6
 ObjectName=Berichtscontainer
 Locked=FALSE
 LinkUUID={3E1F5317-4EC3-4427-B5E4-9CAB0E73997A}
 LinkMode=32
 LayerID=0
 LayerCond=
 GroupUUID=
 Identifier=Report Container
 Condition=True
 UserLocked=False
 WrapBefore=False
 Position/Left=14470
 Position/Top=55620
 Position/Width=270000
 Position/Height=131900
 Direction=0
 Frame/Layout=0
 Frame/Left/Spacing=0
 Frame/Left/Line=False
 Frame/Top/Spacing=0
 Frame/Top/Line=False
 Frame/Right/Spacing=0
 Frame/Right/Line=False
 Frame/Bottom/Spacing=0
 Frame/Bottom/Line=False
 PDFLevel=0
 PDFText=
 IndexPDFLevel=0
 IndexPDFText=
 IssueCondition=True
 Link.URL=
 DefaultFont/Default=True
 DefaultFont/FaceName="Arial"
 DefaultFont/GdiCharSet=0
 DefaultFont/Size=Null()
 DefaultFont/Width=#Null()
 DefaultFont/Bold=Null()
 DefaultFont/Italic=Null()
 DefaultFont/Underline=Null()
 DefaultFont/Strikeout=Null()
 DefaultFont/Color=Null()
 DefaultFont/PitchAndFamily=Null()
 DefaultFont/OutPrecision=Null()
 FgColor=LL.Color.Black
 bFill=0
 CurrentTable=0
 ColumnCount=1
 ColumnCount.Distance=0
 [@Tables]
  {
  [Tables]
   {
   [Table]
	{
	TableType=List
	TableID=LLStaticTable
	RelationID=
	[DataLines]
	 {
	 bKeepTogether=True
	 bSuppress=False
	 bForceSumCalculation=True
	 }
	ZebraPattern=0
	PageBreakCondition=False
	[DefaultFrame]
	 {
	 Layout=1
	 [Left]
	  {
	  Spacing=760
	  Line=False
	  }
	 [Top]
	  {
	  Spacing=250
	  Line=False
	  }
	 [Right]
	  {
	  Spacing=760
	  Line=False
	  }
	 [Bottom]
	  {
	  Spacing=250
	  Line=False
	  }
	 }
	UseSepTicks=True
	ColumnCount=0
	ColumnCount.Distance=1000
	ColumnBreakCondition=False
	ColumnBreakBefore=False
	bFooterOnBottom=False
	bFillBottom=False
	Identifier=
	Condition=True
	DistanceTop=0
	DistanceBottom=0
	WrapBefore=False
	[WrapBefore]
	 {
	 ResetPageNumberOption=0
	 }
	ShowInContextUI=True
	PDFLevel=0
	PDFText=
	IndexPDFLevel=0
	IndexPDFText=
	Expandable=False
	FormulaFilter=True
	DesignScheme="PROJECT"
	Animation=""
	[Body]
	 {
	 [Lines]
	  {
	  [Line]
	   {
	   [Columns]
		{
		[Column]
		 {
		 Identifier=
		 Width=90000
		 Height=90000
		 FixedHeight=0
		 bIsotropic=True
		 PlainTextFormat=True
		 Align=0
		 AlignDecPosition=-9900
		 VAlign=0
		 DrawingAlignment=0
		 Adjusted=False
		 LineWrap=1
		 ForceWrap=False
		 FlowControl=False
		 Spacing.Line=0
		 bFill=0
		 FgColor=LL.Color.Black
		 SpaceOptimization=True
		 Link.URL=
		 WithText=False
		 MatchDevicePixel=False
		 [Frame]
		  {
		  Default=False
		  Layout=1
		  [Left]
		   {
		   Spacing=760
		   Line=False
		   }
		  [Top]
		   {
		   Spacing=250
		   Line=False
		   }
		  [Right]
		   {
		   Spacing=4820
		   Line=False
		   }
		  [Bottom]
		   {
		   Spacing=250
		   Line=False
		   }
		  }
		 [Font]
		  {
		  Default=True
		  FaceName=Null()
		  GdiCharSet=Null()
		  Size=Null()
		  Width=#Null()
		  Bold=Null()
		  Italic=Null()
		  Underline=Null()
		  Strikeout=Null()
		  Color=Null()
		  PitchAndFamily=Null()
		  OutPrecision=Null()
		  }
		 Direction=0
		 BarWidth=0
		 [BarWidth]
		  {
		  Align=0
		  }
		 BarRatio=0
		 ExportAsPicture=False
		 DwgSaveAsJPEG=0
		 Condition=True
		 Animation=""
		 HTMLAnimation=""
		 LLXType=LLGAUGE
		 [LLXObject]
		  {
		  [Engine]
		   {
		   Type=0
		   [Template]
			{
			Frame=GAUGE.CIRCULAR.FRAME.203
			Glass=GAUGE.CIRCULAR.GLASS.HALFROUND.01
			Pointer=GAUGE.CIRCULAR.POINTER.01
			[Pointer]
			 {
			 Color=LL.Color.Red
			 SizePerc=75
			 }
			}
		   [Filling]
			{
			Color=RGB(212,212,212)
			Alpha=100
			}
		   [Glass]
			{
			Color=LL.Color.White
			Alpha=40
			}
		   [Scale]
			{
			[Limits]
			 {
			 [Min]
			  {
			  Value=0
			  Round=True
			  }
			 [Max]
			  {
			  Value=100
			  Round=True
			  }
			 }
			[Reserved]
			 {
			 Min=0
			 Max=0
			 }
			}
		   ScaleArea=2
		   [ScaleArea]
			{
			[Range]
			 {
			 Min=73
			 Max=81
			 }
			Color=RGB(3,78,152)
			TickWidth=100
			DetailLevel=1
			[Filling]
			 {
			 bShow=1
			 Raster=1
			 Color=RGB(141,141,141)
			 }
			TickPosition=0
			TickDistance=True
			}
		   LabelArea=True
		   [LabelArea]
			{
			[Range]
			 {
			 Min=80
			 Max=95
			 }
			[Font]
			 {
			 Default=True
			 FaceName=Null()
			 GdiCharSet=Null()
			 Size=Null()
			 Width=#Null()
			 Bold=Null()
			 Italic=Null()
			 Underline=Null()
			 Strikeout=Null()
			 Color=Null()
			 PitchAndFamily=Null()
			 OutPrecision=Null()
			 }
			Rotated=False
			ShrinkAllowed=True
			OutputFormatter=
			}
		   SignalRegions=True
		   [SignalRegions]
			{
			[Range]
			 {
			 Min=67
			 Max=71
			 }
			}
		   TextRegions=True
		   FormulaValue=35
		   DesignScheme="PROJECT"
		   [SignalArea]
			{
			[ItemList]
			 {
			 [Item]
			  {
			  [Min]
			   {
			   Value=0
			   Color=LL.Color.Lime
			   }
			  [Max]
			   {
			   Value=40
			   Color=LL.Color.Lime
			   }
			  }
			 [Item]
			  {
			  [Min]
			   {
			   Value=40
			   Color=LL.Color.Yellow
			   }
			  [Max]
			   {
			   Value=80
			   Color=LL.Color.Yellow
			   }
			  }
			 [Item]
			  {
			  [Min]
			   {
			   Value=80
			   Color=LL.Color.Red
			   }
			  [Max]
			   {
			   Value=100
			   Color=LL.Color.Red
			   }
			  }
			 }
			}
		   [TextArea]
			{
			[ItemList]
			 {
			 [Item]
			  {
			  Condition=True
			  [Position]
			   {
			   [Value]
				{
				Horizontal=30
				Vertical=38
				}
			   }
			  [Size]
			   {
			   Value=20
			   }
			  [Background]
			   {
			   bShow=0
			   }
			  OutputFormatter=
			  Text="A"
			  [Font]
			   {
			   Default=False
			   FaceName="Arial"
			   GdiCharSet=0
			   Size=Cond(LL.GaugeObject.CurrentValue >= 0 .and. LL.GaugeObject.CurrentValue <= 40, 10, 8)
			   Width=0
			   Bold=Cond(LL.GaugeObject.CurrentValue >= 0 .and. LL.GaugeObject.CurrentValue <= 40, True)
			   Italic=False
			   Underline=False
			   Strikeout=False
			   Color=LL.Color.Black
			   PitchAndFamily=34
			   OutPrecision=3
			   }
			  RotationAngle=50
			  }
			 [Item]
			  {
			  Condition=True
			  [Position]
			   {
			   [Value]
				{
				Horizontal=58
				Vertical=52
				}
			   }
			  [Size]
			   {
			   Value=20
			   }
			  [Background]
			   {
			   bShow=0
			   }
			  OutputFormatter=
			  Text="B"
			  [Font]
			   {
			   Default=False
			   FaceName="Arial"
			   GdiCharSet=0
			   Size=Cond(LL.GaugeObject.CurrentValue >= 40 .and. LL.GaugeObject.CurrentValue <= 80, 10, 8)
			   Width=0
			   Bold=Cond(LL.GaugeObject.CurrentValue >= 40 .and. LL.GaugeObject.CurrentValue <= 80, True)
			   Italic=False
			   Underline=False
			   Strikeout=False
			   Color=LL.Color.Black
			   PitchAndFamily=34
			   OutPrecision=3
			   }
			  RotationAngle=-18
			  }
			 [Item]
			  {
			  Condition=True
			  [Position]
			   {
			   [Value]
				{
				Horizontal=73
				Vertical=26
				}
			   }
			  [Size]
			   {
			   Value=20
			   }
			  [Background]
			   {
			   bShow=0
			   }
			  OutputFormatter=
			  Text="C"
			  [Font]
			   {
			   Default=False
			   FaceName="Arial"
			   GdiCharSet=0
			   Size=Cond(LL.GaugeObject.CurrentValue >= 80 .and. LL.GaugeObject.CurrentValue <= 100, 10, 8)
			   Width=0
			   Bold=Cond(LL.GaugeObject.CurrentValue >= 80 .and. LL.GaugeObject.CurrentValue <= 100, True)
			   Italic=False
			   Underline=False
			   Strikeout=False
			   Color=LL.Color.Black
			   PitchAndFamily=34
			   OutPrecision=3
			   }
			  RotationAngle=-60
			  }
			 }
			}
		   }
		  Version=2
		  UUID={8D9C1B95-B1D6-4F54-80DD-B8EDEF3F185B}
		  }
		 }
		[Column]
		 {
		 Identifier=
		 Width=90000
		 Height=90000
		 FixedHeight=0
		 bIsotropic=True
		 PlainTextFormat=True
		 Align=0
		 AlignDecPosition=-9900
		 VAlign=0
		 DrawingAlignment=0
		 Adjusted=False
		 LineWrap=1
		 ForceWrap=False
		 FlowControl=False
		 Spacing.Line=0
		 bFill=0
		 FgColor=LL.Color.Black
		 SpaceOptimization=True
		 Link.URL=
		 WithText=False
		 MatchDevicePixel=False
		 [Frame]
		  {
		  Default=False
		  Layout=1
		  [Left]
		   {
		   Spacing=4820
		   Line=False
		   }
		  [Top]
		   {
		   Spacing=250
		   Line=False
		   }
		  [Right]
		   {
		   Spacing=4820
		   Line=False
		   }
		  [Bottom]
		   {
		   Spacing=250
		   Line=False
		   }
		  }
		 [Font]
		  {
		  Default=True
		  FaceName=Null()
		  GdiCharSet=Null()
		  Size=Null()
		  Width=#Null()
		  Bold=Null()
		  Italic=Null()
		  Underline=Null()
		  Strikeout=Null()
		  Color=Null()
		  PitchAndFamily=Null()
		  OutPrecision=Null()
		  }
		 Direction=0
		 BarWidth=0
		 [BarWidth]
		  {
		  Align=0
		  }
		 BarRatio=0
		 ExportAsPicture=False
		 DwgSaveAsJPEG=0
		 Condition=True
		 Animation=""
		 HTMLAnimation=""
		 LLXType=LLGAUGE
		 [LLXObject]
		  {
		  [Engine]
		   {
		   Type=0
		   [Template]
			{
			Frame=GAUGE.CIRCULAR.FRAME.109
			Glass=GAUGE.CIRCULAR.GLASS.ROUND.04
			Pointer=GAUGE.CIRCULAR.POINTER.04
			[Pointer]
			 {
			 Color=RGB(192,221,162)
			 SizePerc=140
			 }
			}
		   [Filling]
			{
			Color=LL.Color.White
			Alpha=100
			}
		   [Glass]
			{
			Color=LL.Color.White
			Alpha=50
			}
		   [Scale]
			{
			RotationAngle=0
			[Limits]
			 {
			 [Min]
			  {
			  Value=0
			  Round=True
			  }
			 [Max]
			  {
			  Value=4
			  Round=True
			  }
			 }
			[Reserved]
			 {
			 Min=10
			 Max=10
			 }
			}
		   ScaleArea=2
		   [ScaleArea]
			{
			[Range]
			 {
			 Min=65
			 Max=80
			 }
			Color=LL.Color.Black
			TickWidth=30
			DetailLevel=3
			[Filling]
			 {
			 bShow=0
			 }
			TickPosition=0
			TickDistance=False
			[TickDistance]
			 {
			 Value=1
			 }
			}
		   LabelArea=True
		   [LabelArea]
			{
			[Range]
			 {
			 Min=80
			 Max=95
			 }
			[Font]
			 {
			 Default=False
			 FaceName="Arial"
			 GdiCharSet=0
			 Size=10.0
			 Width=0
			 Bold=False
			 Italic=False
			 Underline=False
			 Strikeout=False
			 Color=LL.Color.Black
			 PitchAndFamily=34
			 OutPrecision=3
			 }
			Rotated=True
			ShrinkAllowed=False
			OutputFormatter=GENERIC
			}
		   SignalRegions=True
		   [SignalRegions]
			{
			[Range]
			 {
			 Min=40
			 Max=63
			 }
			}
		   TextRegions=True
		   FormulaValue=2.7
		   DesignScheme="PROJECT"
		   [SignalArea]
			{
			[ItemList]
			 {
			 [Item]
			  {
			  [Min]
			   {
			   Value=0
			   Color=LL.Color.Lime
			   }
			  [Max]
			   {
			   Value=4
			   Color=RGB(0,128,255)
			   }
			  }
			 }
			}
		   [TextArea]
			{
			[ItemList]
			 {
			 [Item]
			  {
			  Condition=True
			  [Position]
			   {
			   [Value]
				{
				Horizontal=36
				Vertical=53
				}
			   }
			  [Size]
			   {
			   Value=10
			   }
			  [Background]
			   {
			   bShow=0
			   }
			  OutputFormatter=
			  Text="10"
			  [Font]
			   {
			   Default=False
			   FaceName="Arial"
			   GdiCharSet=0
			   Size=10.0
			   Width=0
			   Bold=False
			   Italic=False
			   Underline=False
			   Strikeout=False
			   Color=LL.Color.Black
			   PitchAndFamily=34
			   OutPrecision=3
			   }
			  RotationAngle=0
			  }
			 [Item]
			  {
			  Condition=True
			  [Position]
			   {
			   [Value]
				{
				Horizontal=37
				Vertical=42
				}
			   }
			  [Size]
			   {
			   Value=20
			   }
			  [Background]
			   {
			   bShow=0
			   }
			  OutputFormatter=
			  Text="0"
			  [Font]
			   {
			   Default=False
			   FaceName="Arial"
			   GdiCharSet=0
			   Size=10.0
			   Width=0
			   Bold=False
			   Italic=False
			   Underline=False
			   Strikeout=False
			   Color=LL.Color.Black
			   PitchAndFamily=34
			   OutPrecision=3
			   }
			  RotationAngle=0
			  }
			 [Item]
			  {
			  Condition=True
			  [Position]
			   {
			   [Value]
				{
				Horizontal=43
				Vertical=63
				}
			   }
			  [Size]
			   {
			   Value=20
			   }
			  [Background]
			   {
			   bShow=0
			   }
			  OutputFormatter=
			  Text="20"
			  [Font]
			   {
			   Default=False
			   FaceName="Arial"
			   GdiCharSet=0
			   Size=10.0
			   Width=0
			   Bold=False
			   Italic=False
			   Underline=False
			   Strikeout=False
			   Color=LL.Color.Black
			   PitchAndFamily=34
			   OutPrecision=3
			   }
			  RotationAngle=0
			  }
			 [Item]
			  {
			  Condition=True
			  [Position]
			   {
			   [Value]
				{
				Horizontal=56
				Vertical=63
				}
			   }
			  [Size]
			   {
			   Value=20
			   }
			  [Background]
			   {
			   bShow=0
			   }
			  OutputFormatter=
			  Text="30"
			  [Font]
			   {
			   Default=False
			   FaceName="Arial"
			   GdiCharSet=0
			   Size=10.0
			   Width=0
			   Bold=False
			   Italic=False
			   Underline=False
			   Strikeout=False
			   Color=LL.Color.Black
			   PitchAndFamily=34
			   OutPrecision=3
			   }
			  RotationAngle=0
			  }
			 [Item]
			  {
			  Condition=True
			  [Position]
			   {
			   [Value]
				{
				Horizontal=62
				Vertical=42
				}
			   }
			  [Size]
			   {
			   Value=20
			   }
			  [Background]
			   {
			   bShow=0
			   }
			  OutputFormatter=
			  Text="50"
			  [Font]
			   {
			   Default=False
			   FaceName="Arial"
			   GdiCharSet=0
			   Size=10.0
			   Width=0
			   Bold=False
			   Italic=False
			   Underline=False
			   Strikeout=False
			   Color=LL.Color.Black
			   PitchAndFamily=34
			   OutPrecision=3
			   }
			  RotationAngle=0
			  }
			 [Item]
			  {
			  Condition=True
			  [Position]
			   {
			   [Value]
				{
				Horizontal=64
				Vertical=53
				}
			   }
			  [Size]
			   {
			   Value=20
			   }
			  [Background]
			   {
			   bShow=0
			   }
			  OutputFormatter=
			  Text="40"
			  [Font]
			   {
			   Default=False
			   FaceName="Arial"
			   GdiCharSet=0
			   Size=10.0
			   Width=0
			   Bold=False
			   Italic=False
			   Underline=False
			   Strikeout=False
			   Color=LL.Color.Black
			   PitchAndFamily=34
			   OutPrecision=3
			   }
			  RotationAngle=0
			  }
			 }
			}
		   }
		  Version=2
		  UUID={6D72EE5C-049D-4B2A-97FB-DD5B856DF934}
		  }
		 }
		[Column]
		 {
		 Identifier=
		 Width=90000
		 Height=90000
		 FixedHeight=0
		 bIsotropic=True
		 PlainTextFormat=True
		 Align=0
		 AlignDecPosition=-9900
		 VAlign=0
		 DrawingAlignment=0
		 Adjusted=False
		 LineWrap=1
		 ForceWrap=False
		 FlowControl=False
		 Spacing.Line=0
		 bFill=0
		 FgColor=LL.Color.Black
		 SpaceOptimization=True
		 Link.URL=
		 WithText=False
		 MatchDevicePixel=False
		 [Frame]
		  {
		  Default=False
		  Layout=1
		  [Left]
		   {
		   Spacing=4820
		   Line=False
		   }
		  [Top]
		   {
		   Spacing=250
		   Line=False
		   }
		  [Right]
		   {
		   Spacing=4820
		   Line=False
		   }
		  [Bottom]
		   {
		   Spacing=250
		   Line=False
		   }
		  }
		 [Font]
		  {
		  Default=True
		  FaceName=Null()
		  GdiCharSet=Null()
		  Size=Null()
		  Width=#Null()
		  Bold=Null()
		  Italic=Null()
		  Underline=Null()
		  Strikeout=Null()
		  Color=Null()
		  PitchAndFamily=Null()
		  OutPrecision=Null()
		  }
		 Direction=0
		 BarWidth=0
		 [BarWidth]
		  {
		  Align=0
		  }
		 BarRatio=0
		 ExportAsPicture=False
		 DwgSaveAsJPEG=0
		 Condition=True
		 Animation=""
		 HTMLAnimation=""
		 LLXType=LLGAUGE
		 [LLXObject]
		  {
		  [Engine]
		   {
		   Type=0
		   [Template]
			{
			Frame=GAUGE.CIRCULAR.FRAME.103
			Glass=GAUGE.CIRCULAR.GLASS.ROUND.01
			Pointer=GAUGE.CIRCULAR.POINTER.06
			[Pointer]
			 {
			 Color=LL.Color.White
			 SizePerc=90
			 }
			}
		   [Filling]
			{
			Color=LL.Color.Black
			Alpha=100
			}
		   [Glass]
			{
			Color=LL.Color.White
			Alpha=40
			}
		   [Scale]
			{
			RotationAngle=0
			[Limits]
			 {
			 [Min]
			  {
			  Value=-30
			  Round=False
			  }
			 [Max]
			  {
			  Value=100
			  Round=True
			  }
			 }
			[Reserved]
			 {
			 Min=0
			 Max=25
			 }
			}
		   ScaleArea=2
		   [ScaleArea]
			{
			[Range]
			 {
			 Min=80
			 Max=95
			 }
			Color=RGB(128,255,0)
			TickWidth=30
			DetailLevel=2
			[Filling]
			 {
			 bShow=0
			 }
			TickPosition=2
			TickDistance=False
			[TickDistance]
			 {
			 Value=15
			 }
			}
		   LabelArea=True
		   [LabelArea]
			{
			[Range]
			 {
			 Min=60
			 Max=70
			 }
			[Font]
			 {
			 Default=False
			 FaceName="Arial"
			 GdiCharSet=0
			 Size=14
			 Width=0
			 Bold=True
			 Italic=False
			 Underline=False
			 Strikeout=False
			 Color=RGB(128,255,0)
			 PitchAndFamily=0
			 OutPrecision=4
			 }
			Rotated=False
			ShrinkAllowed=False
			OutputFormatter=
			}
		   SignalRegions=False
		   TextRegions=True
		   FormulaValue=50
		   DesignScheme="PROJECT"
		   [SignalArea]
			{
			[ItemList]
			 {
			 }
			}
		   [TextArea]
			{
			[ItemList]
			 {
			 }
			}
		   }
		  Version=2
		  UUID={D5E2EF46-A045-4908-9A26-7559AF2FF7B3}
		  }
		 }
		}
	   [Options]
		{
		Description=
		[LFont]
		 {
		 Default=True
		 FaceName=Null()
		 GdiCharSet=Null()
		 Size=Null()
		 Width=#Null()
		 Bold=Null()
		 Italic=Null()
		 Underline=Null()
		 Strikeout=Null()
		 Color=Null()
		 PitchAndFamily=Null()
		 OutPrecision=Null()
		 }
		DisplayInDesigner=True
		PDFLevel=0
		PDFText=
		IndexPDFLevel=0
		IndexPDFText=
		[ReservedSpace]
		 {
		 Left=0
		 Top=0
		 Right=0
		 Bottom=0
		 }
		LCondition=True
		Anchor=0
		Anchor.ToTop=True
		}
	   }
	  [Line]
	   {
	   [Columns]
		{
		[Column]
		 {
		 Identifier=
		 Width=270000
		 Height=30000
		 FixedHeight=0
		 bIsotropic=True
		 PlainTextFormat=True
		 Align=0
		 AlignDecPosition=-9900
		 VAlign=0
		 DrawingAlignment=0
		 Adjusted=False
		 LineWrap=1
		 ForceWrap=False
		 FlowControl=False
		 Spacing.Line=0
		 bFill=0
		 FgColor=LL.Color.Black
		 SpaceOptimization=True
		 Link.URL=
		 WithText=False
		 MatchDevicePixel=False
		 [Frame]
		  {
		  Default=False
		  Layout=1
		  [Left]
		   {
		   Spacing=4820
		   Line=False
		   }
		  [Top]
		   {
		   Spacing=250
		   Line=False
		   }
		  [Right]
		   {
		   Spacing=4820
		   Line=False
		   }
		  [Bottom]
		   {
		   Spacing=250
		   Line=False
		   }
		  }
		 [Font]
		  {
		  Default=True
		  FaceName=Null()
		  GdiCharSet=Null()
		  Size=Null()
		  Width=#Null()
		  Bold=Null()
		  Italic=Null()
		  Underline=Null()
		  Strikeout=Null()
		  Color=Null()
		  PitchAndFamily=Null()
		  OutPrecision=Null()
		  }
		 Direction=0
		 BarWidth=0
		 [BarWidth]
		  {
		  Align=0
		  }
		 BarRatio=0
		 ExportAsPicture=False
		 DwgSaveAsJPEG=0
		 Condition=True
		 Animation=""
		 HTMLAnimation=""
		 LLXType=LLGAUGE
		 [LLXObject]
		  {
		  [Engine]
		   {
		   Type=1
		   [Template]
			{
			Frame=GAUGE.LINEAR.FRAME.02
			Glass=GAUGE.LINEAR.GLASS.02
			Pointer=Gauge.Linear.Pointer.04
			[Pointer]
			 {
			 Color=LL.Color.Red
			 Background=1
			 [Background]
			  {
			  Raster=1
			  Color=RGB(59,59,59)
			  }
			 [Range]
			  {
			  Min=80
			  Max=90
			  }
			 }
			}
		   [Filling]
			{
			Color=LL.Color.Silver
			Alpha=80
			}
		   [Glass]
			{
			Color=LL.Color.White
			Alpha=100
			}
		   [Scale]
			{
			[Limits]
			 {
			 [Min]
			  {
			  Value=0
			  Round=True
			  }
			 [Max]
			  {
			  Value=100
			  Round=True
			  }
			 }
			[Reserved]
			 {
			 Min=0
			 Max=0
			 }
			}
		   ScaleArea=3
		   [ScaleArea]
			{
			[Range]
			 {
			 Min=30
			 Max=53
			 }
			Color=RGB(44,44,44)
			TickWidth=80
			DetailLevel=2
			[Filling]
			 {
			 bShow=0
			 }
			TickPosition=0
			TickDistance=False
			[TickDistance]
			 {
			 Value=20
			 }
			}
		   LabelArea=True
		   [LabelArea]
			{
			[Range]
			 {
			 Min=23
			 Max=10
			 }
			[Font]
			 {
			 Default=False
			 FaceName="Arial"
			 GdiCharSet=0
			 Size=16
			 Width=0
			 Bold=False
			 Italic=False
			 Underline=False
			 Strikeout=False
			 Color=LL.Color.Black
			 PitchAndFamily=0
			 OutPrecision=4
			 }
			ShrinkAllowed=False
			OutputFormatter=
			Alignment=1
			}
		   SignalRegions=True
		   [SignalRegions]
			{
			[Range]
			 {
			 Min=67
			 Max=72
			 }
			}
		   TextRegions=True
		   FormulaValue=70
		   BarStartValue=True
		   [BarStartValue]
			{
			Value=0
			}
		   WidthHeightRelation=0
		   DesignScheme="PROJECT"
		   [SignalArea]
			{
			[ItemList]
			 {
			 [Item]
			  {
			  [Min]
			   {
			   Value=0
			   Color=LL.Color.Red
			   }
			  [Max]
			   {
			   Value=20
			   Color=LL.Color.Red
			   }
			  }
			 [Item]
			  {
			  [Min]
			   {
			   Value=20
			   Color=LL.Color.Yellow
			   }
			  [Max]
			   {
			   Value=60
			   Color=LL.Color.Yellow
			   }
			  }
			 [Item]
			  {
			  [Min]
			   {
			   Value=60
			   Color=LL.Color.Lime
			   }
			  [Max]
			   {
			   Value=100
			   Color=LL.Color.Lime
			   }
			  }
			 }
			}
		   [TextArea]
			{
			[ItemList]
			 {
			 }
			}
		   }
		  Version=2
		  UUID={6CC99A9A-F5B7-41B6-B615-9D3050FEDC44}
		  }
		 }
		}
	   [Options]
		{
		Description=
		[LFont]
		 {
		 Default=True
		 FaceName=Null()
		 GdiCharSet=Null()
		 Size=Null()
		 Width=#Null()
		 Bold=Null()
		 Italic=Null()
		 Underline=Null()
		 Strikeout=Null()
		 Color=Null()
		 PitchAndFamily=Null()
		 OutPrecision=Null()
		 }
		DisplayInDesigner=True
		PDFLevel=0
		PDFText=
		IndexPDFLevel=0
		IndexPDFText=
		[ReservedSpace]
		 {
		 Left=0
		 Top=0
		 Right=0
		 Bottom=0
		 }
		LCondition=True
		Anchor=0
		Anchor.ToTop=True
		}
	   }
	  }
	 [Options]
	  {
	  }
	 }
	}
   }
  }
[Object]
 ObjectID=1
 ObjectName=Text
 Locked=FALSE
 LinkUUID={01DB0458-DB85-43FA-ACBF-D282263885B1}
 LinkMode=32
 LayerID=0
 LayerCond=
 GroupUUID=
 Identifier=Printing Info
 Condition=True
 UserLocked=False
 WrapBefore=False
 bPageWrap=False
 ExportAsPicture=False
 Position/Left=14470
 Position/Top=188720
 Position/Width=270000
 Position/Height=8630
 Direction=0
 bFill=0
 Frame/Layout=0
 Frame/Left/Spacing=0
 Frame/Left/Line=False
 Frame/Top/Spacing=0
 Frame/Top/Line=False
 Frame/Right/Spacing=0
 Frame/Right/Line=False
 Frame/Bottom/Spacing=0
 Frame/Bottom/Line=False
 PDFLevel=0
 PDFText=
 IndexPDFLevel=0
 IndexPDFText=
 IssueCondition=True
 Link.URL=
 Animation=""
 HTMLAnimation=""
 bBottomAligned=0
 [@Lines]
  {
  [Lines]
   {
   [Line]
	{
	[Font]
	 {
	 Default=False
	 FaceName="Arial"
	 GdiCharSet=0
	 Size=10.0
	 Width=0
	 Bold=False
	 Italic=False
	 Underline=False
	 Strikeout=False
	 Color=LL.Color.Black
	 PitchAndFamily=34
	 OutPrecision=3
	 }
	Align=2
	Adjusted=False
	Uneraseable=False
	LineWrap=1
	PageWrapAllowed=True
	ForceWrap=False
	SpaceOptimization=True
	Spacing.Paragraph=0
	Spacing.Line=0
	OutputFormatter=
	Condition=True
	[ConditionalFormatter]
	 {
	 }
	Text="Page " + FStr$(Page(),"###",1) + " of " + TotalPages$ () + "¶" + "Printed " + Date$(Today(),"%D, %M %d, %y") + " at " + Time$("%h:%02m") + " on " + LL.OutputDevice
	Tab=0
	TabAlign=0
	}
   }
  }
[Object]
 ObjectID=1
 ObjectName=Text
 Locked=FALSE
 LinkUUID={F2D354B6-C232-449F-8FB0-A169AD7B0DD8}
 LinkMode=32
 LayerID=0
 LayerCond=
 GroupUUID=
 Identifier=Copyright /LINK:http://www.combit.net/en/ListLabel.aspx
 Condition=True
 UserLocked=False
 WrapBefore=False
 bPageWrap=False
 ExportAsPicture=False
 Position/Left=12700
 Position/Top=201670
 Position/Width=81530
 Position/Height=2280
 Direction=0
 bFill=0
 Frame/Layout=0
 Frame/Left/Spacing=0
 Frame/Left/Line=False
 Frame/Top/Spacing=0
 Frame/Top/Line=False
 Frame/Right/Spacing=0
 Frame/Right/Line=False
 Frame/Bottom/Spacing=0
 Frame/Bottom/Line=False
 PDFLevel=0
 PDFText=
 IndexPDFLevel=0
 IndexPDFText=
 IssueCondition=True
 Link.URL=
 Animation=""
 HTMLAnimation=""
 bBottomAligned=0
 bWYSIWYGDialog=FALSE
 [@Lines]
  {
  [Lines]
   {
   [Line]
	{
	[Font]
	 {
	 Default=False
	 FaceName="Arial"
	 GdiCharSet=0
	 Size=5.0
	 Width=0
	 Bold=False
	 Italic=False
	 Underline=False
	 Strikeout=False
	 Color=LL.Color.Black
	 PitchAndFamily=34
	 OutPrecision=3
	 }
	Align=0
	Adjusted=False
	Uneraseable=False
	LineWrap=0
	PageWrapAllowed=False
	ForceWrap=False
	SpaceOptimization=True
	Spacing.Paragraph=0
	Spacing.Line=0
	OutputFormatter=
	Condition=True
	[ConditionalFormatter]
	 {
	 }
	Text="designed & printed with combit® List & Label®"
	Tab=0
	TabAlign=0
	}
   }
  }
[UserVariables]
[Parameters]
 [@Parameters]
  {
  [Parameters]
   {
   LL.ActiveLayout=Standard-Layout
   LL.ProjectDescription=Different Gauge types
   }
  }
[UsedIdentifiers]
 Variables=
 Fields=
 ChartFields=
[PageLayouts]
 [@PageLayouts]
  {
  [PageLayouts]
   {
   [PageLayout]
	{
	DisplayName=
	Condition=True
	SourceTray=0
	ForcePaperFormat=True
	UsePhysicalPaper=True
	PaperFormat=9
	PaperFormat.cx=209800
	PaperFormat.cy=296920
	PaperFormat.Orientation=2
	Copies=1
	Duplex=0
	Collate=0
	FitPage=False
	ShowInPrintDialog=True
	}
   }
  }
[ExtendedInfo]
 [@ExtendedInfos]
  {
  [UserDefinedDesignScheme]
   {
   [Foreground]
	{
	Color=(255,230,179)
	Color=(173,215,227)
	Color=(167,195,209)
	Color=(238,190,93)
	Color=(102,204,199)
	Color=(165,170,199)
	Color=(242,167,17)
	Color=(166,178,102)
	Color=(155,122,153)
	Color=(135,95,119)
	}
   [Background]
	{
	Color=(240,249,255)
	Color=(255,230,179)
	Color=(173,215,227)
	Color=(167,195,209)
	FillMode=1
	}
   }
  [UIDescriptions]
   {
   0=X:\Visual DataFlex Projects\LLLibraryLaufend\LLOrderSample\Layouts\Different Gauges.lst
   }
  }
