[List description]
[Description]
 Text=List & Label Projektdatei
 FileVersion=16
 RootTable=QUERY1
 Units=SCM-Units
 Metric=3
 TextQuote.Start=1
 TextQuote.End=1
 RepresentationCode.CondStart=171
 RepresentationCode.CondSep=166
 RepresentationCode.CondEnd=187
 RepresentationCode.Tab=247
 RepresentationCode.Ret=182
 RepresentationCode.PhantomSpace=8203
 RepresentationCode.LockNextChar=8288
 RepresentationCode.ExprSep=164
 LCID=1031
 UserVars.ManualSortOrder=1
 CreatedByCallFrom=PLUSRUN.EXE
 [@DatabaseStructure]
  {
  [DatabaseStructures]
   {
   [DatabaseStructure]
	{
	[Table:QUERY1]
	 {
	 }
	}
   }
  }
[Layout]
 P1.Template=
 xGrid=1000
 yGrid=1000
 GridShow=TRUE
 GridSnap=TRUE
 EnhancedExpressions=TRUE
 EnhancedOldExpressions=FALSE
 Decimals=2
 RealDataPreviewPageLimit=-2
 DefFont={(0,0,0),12.000000,-16,0,0,0,400,0,0,0,0,4,0,0,0,Arial}
 HelpLines.Horizontal=
 HelpLines.Vertical=
 PDF.MaxOutlineDepth=2
 PDF.MaxOutlineDepth.IDX=3
 DefaultSize.Objecttype1=(0,0,50000,25780)
 DefaultSize.Objecttype6=(0,0,277000,136000)
 ObjectCount=9
[UserSection]
 
[SumVariables]
[Layer]
 Name=Basis
 Condition=
 WorkspaceColor=(102,102,102)
 Visible=TRUE
 LayerID=0
[Layer]
 Name=Erste Seite
 Condition=Page() = 1
 WorkspaceColor=(197,207,10)
 Visible=TRUE
 LayerID=1
[Layer]
 Name=Folgeseiten
 Condition=Page() <> 1
 WorkspaceColor=(161,203,243)
 Visible=TRUE
 LayerID=2
[ProjectTemplates]
 [@ProjectTemplates]
  {
  [ProjectTemplates]
   {
   }
  }
[Object]
 ObjectID=1
 ObjectName=Text
 Locked=FALSE
 LinkUUID={CFC7DF07-D325-4F7C-92A2-94B2D070C471}
 LinkMode=32
 LayerID=0
 LayerCond=
 GroupUUID=
 Identifier=
 Condition=True
 UserLocked=False
 WrapBefore=False
 bPageWrap=False
 ExportAsPicture=False
 Position/Left=10000
 Position/Top=15000
 Position/Width=277000
 Position/Height=16000
 Direction=0
 bFill=0
 Frame/Layout=0
 Frame/Left/Spacing=0
 Frame/Left/Line=False
 Frame/Top/Spacing=0
 Frame/Top/Line=False
 Frame/Right/Spacing=0
 Frame/Right/Line=False
 Frame/Bottom/Spacing=0
 Frame/Bottom/Line=False
 PDFLevel=0
 PDFText=
 IndexPDFLevel=0
 IndexPDFText=
 IssueCondition=True
 Link.URL=
 Animation=""
 HTMLAnimation=""
 bBottomAligned=0
 [@Lines]
  {
  [Lines]
   {
   [Line]
	{
	[Font]
	 {
	 Default=False
	 FaceName="Arial"
	 GdiCharSet=0
	 Size=24.0
	 Width=0
	 Bold=True
	 Italic=False
	 Underline=False
	 Strikeout=False
	 Color=LL.Color.Black
	 PitchAndFamily=0
	 OutPrecision=0
	 }
	Align=1
	Adjusted=False
	Uneraseable=False
	LineWrap=1
	PageWrapAllowed=False
	ForceWrap=True
	SpaceOptimization=True
	Spacing.Paragraph=0
	Spacing.Line=0
	OutputFormatter=
	Condition=True
	[ConditionalFormatter]
	 {
	 }
	Text=IF(C_Language="DE","Eventkalender","Eventcalendar")
	Tab=0
	TabAlign=0
	}
   [Line]
	{
	[Font]
	 {
	 Default=False
	 FaceName="Arial"
	 GdiCharSet=0
	 Size=12.0
	 Width=0
	 Bold=True
	 Italic=False
	 Underline=False
	 Strikeout=False
	 Color=LL.Color.Black
	 PitchAndFamily=0
	 OutPrecision=4
	 }
	Align=1
	Adjusted=False
	Uneraseable=False
	LineWrap=1
	PageWrapAllowed=True
	ForceWrap=True
	SpaceOptimization=True
	Spacing.Paragraph=0
	Spacing.Line=0
	OutputFormatter=
	Condition=True
	[ConditionalFormatter]
	 {
	 }
	Text=DATE$(C_MinDate)+" - "+DATE$(C_MaxDate)
	Tab=0
	TabAlign=0
	}
   }
  }
[Object]
 ObjectID=6
 ObjectName=Berichtscontainer
 Locked=FALSE
 LinkUUID={4736AAF4-A35E-4B77-A31B-3F7F343C873D}
 LinkToUUID={CFC7DF07-D325-4F7C-92A2-94B2D070C471}
 LinkMode=8224
 LayerID=0
 LayerCond=
 GroupUUID=
 Identifier=
 Condition=True
 UserLocked=False
 WrapBefore=False
 Position/Left=10000
 Position/Top=35000
 Position/Width=277000
 Position/Height=136000
 Direction=0
 Frame/Layout=0
 Frame/Left/Spacing=0
 Frame/Left/Line=False
 Frame/Top/Spacing=0
 Frame/Top/Line=False
 Frame/Right/Spacing=0
 Frame/Right/Line=False
 Frame/Bottom/Spacing=0
 Frame/Bottom/Line=False
 PDFLevel=0
 PDFText=
 IndexPDFLevel=0
 IndexPDFText=
 IssueCondition=True
 Link.URL=
 DefaultFont/Default=True
 DefaultFont/FaceName="Arial"
 DefaultFont/GdiCharSet=0
 DefaultFont/Size=Null()
 DefaultFont/Width=#Null()
 DefaultFont/Bold=Null()
 DefaultFont/Italic=Null()
 DefaultFont/Underline=Null()
 DefaultFont/Strikeout=Null()
 DefaultFont/Color=Null()
 DefaultFont/PitchAndFamily=Null()
 DefaultFont/OutPrecision=Null()
 FgColor=RGB(180,180,180)
 bFill=0
 CurrentTable=0
 ColumnCount=1
 ColumnCount.Distance=0
 [@Tables]
  {
  [Tables]
   {
   [Table]
	{
	TableType=Gantt
	TableID=QUERY1
	RelationID=
	LinkUUID={35CE746A-4C2F-4422-9406-C16197511DEA}
	[DistanceFromPrintBorder]
	 {
	 Left=0
	 Top=0
	 Right=0
	 Bottom=0
	 }
	ColumnCount=0
	ColumnCount.Distance=1000
	FillPrioHorizonal=False
	ColumnBreakCondition=False
	ColumnBreakBefore=False
	Identifier=
	Condition=True
	DistanceTop=0
	DistanceBottom=0
	WrapBefore=False
	ShowInContextUI=True
	PDFLevel=0
	PDFText=
	IndexPDFLevel=0
	IndexPDFText=
	FormulaFilter=True
	Animation=""
	Subreport=False
	Import=FALSE
	[LLXParameters]
	 {
	 [Properties]
	  {
	  PDFOutline=
	  Link.URL=
	  MinHeight=150000
	  DesignScheme="PROJECT"
	  bFill=1
	  Raster=1
	  BkColor=LL.Scheme.BackgroundColor0
	  [Assignments]
	   {
	   ProjectDescription=ATRIM$(Name)
	   TaskDescription=ATRIM$(Name)
	   Start=StartDate+0.5¤
	   Duration=MAX(EndDate-StartDate,1)
	   End=EndDate-0.5
	   PercentageComplete=
	   BarLabel=FSTR$(EndDate-StartDate+1,"###,##&",1)
	   }
	  AssumeDayResolution=False
	  [Cells]
	   {
	   Index=False
	   Label=True
	   [Label]
		{
		MaxWidth=60000
		MinWidth=0
		Title="Firma"
		}
	   Start=False
	   Duration=False
	   End=False
	   PercComplete=False
	   }
	  Indentation=2110
	  [Font]
	   {
	   Default=True
	   FaceName=Null()
	   GdiCharSet=Null()
	   Size=Null()
	   Width=#Null()
	   Bold=Null()
	   Italic=Null()
	   Underline=Null()
	   Strikeout=Null()
	   Color=Null()
	   PitchAndFamily=Null()
	   OutPrecision=Null()
	   }
	  [Rows]
	   {
	   [Title]
		{
		[Background]
		 {
		 Filling=1
		 Raster=1
		 Color=LL.Scheme.BackgroundColor1
		 }
		[Font]
		 {
		 Default=True
		 FaceName=Null()
		 GdiCharSet=Null()
		 Size=Null()
		 Width=#Null()
		 Bold=Null()
		 Italic=Null()
		 Underline=Null()
		 Strikeout=Null()
		 Color=Null()
		 PitchAndFamily=Null()
		 OutPrecision=Null()
		 }
		}
	   [Projects]
		{
		[Background]
		 {
		 Filling=1
		 Raster=1
		 Color=ChangeLightness(LL.Scheme.BackgroundColor1,2.0)
		 }
		[Bar]
		 {
		 EndTicks=True
		 [Finished]
		  {
		  Filling=1
		  Raster=1
		  Color=LL.Scheme.Color2
		  Height=50
		  }
		 [Unfinished]
		  {
		  Filling=1
		  Raster=1
		  Color=ChangeLightness(LL.Scheme.Color2,3.0)
		  Height=50
		  }
		 Rounding=0
		 }
		[Font]
		 {
		 Default=True
		 FaceName=Null()
		 GdiCharSet=Null()
		 Size=Null()
		 Width=#Null()
		 Bold=Null()
		 Italic=Null()
		 Underline=Null()
		 Strikeout=Null()
		 Color=Null()
		 PitchAndFamily=Null()
		 OutPrecision=Null()
		 }
		}
	   [Tasks]
		{
		[Background]
		 {
		 Filling=0
		 }
		[Bar]
		 {
		 [Finished]
		  {
		  Filling=1
		  Raster=1
		  Color=LL.Scheme.Color3
		  Height=50
		  }
		 [Unfinished]
		  {
		  Filling=1
		  Raster=1
		  Color=IF(Reason="E1",LL.Color.Green,IF(Reason="E2",LL.Color.Red,IF(Reason="E3",LL.Color.Yellow,IF(Reason="E4",LL.Color.LightCyan,IF(Reason="E5",LL.Color.Maroon,LL.Color.SlateBlue)))))
		  Height=50
		  }
		 Rounding=0
		 }
		[Font]
		 {
		 Default=True
		 FaceName=Null()
		 GdiCharSet=Null()
		 Size=Null()
		 Width=#Null()
		 Bold=Null()
		 Italic=Null()
		 Underline=Null()
		 Strikeout=Null()
		 Color=Null()
		 PitchAndFamily=Null()
		 OutPrecision=Null()
		 }
		}
	   }
	  [GraphArea]
	   {
	   StartTime=C_MinDate
	   EndTime=C_MaxDate
	   Interval=6
	   [Interval]
		{
		Format="%02d"
		MarkedDays="6,7"
		Outer=4
		[Outer]
		 {
		 Format="%M %04y"
		 }
		}
	   }
	  FixedHeight=#IF(C_Monthly,6.5,0)
	  [EnhancedTimeRange]
	   {
	   StartTime=Null()
	   EndTime=Null()
	   Color=LL.Scheme.Color1
	   }
	  DistanceWrap=1000
	  WrapGrouped=C_Monthly
	  GridMode=1
	  [GridMode]
	   {
	   GridLineStyleTable=0.0
	   [GridLineStyleTable]
		{
		GridLineStyleColor=RGB(180,180,180)
		}
	   GridLineStyleDiagram=0.0
	   [GridLineStyleDiagram]
		{
		GridLineStyleColor=RGB(180,180,180)
		}
	   }
	  ShadowPages=True
	  [ShadowPages]
	   {
	   RepeatLabels=C_Monthly
	   }
	  SkipTopLevelSingularities=False
	  }
	 Version=1
	 UUID={82674ECF-5642-4E98-8124-347DF0E2A732}
	 }
	}
   }
  }
[Object]
 ObjectID=2
 ObjectName=Rechteck
 Locked=FALSE
 LinkUUID={42A161AF-F97B-4245-9F5E-95EADF7F2D7A}
 LinkMode=32
 LayerID=0
 LayerCond=
 GroupUUID=
 Identifier=
 Condition=True
 UserLocked=False
 WrapBefore=False
 ExportAsPicture=False
 Position/Left=221000
 Position/Top=178220
 Position/Width=10000
 Position/Height=4000
 Direction=0
 PDFLevel=0
 PDFText=
 IndexPDFLevel=0
 IndexPDFText=
 IssueCondition=True
 Link.URL=
 Animation=""
 bFrame=1
 FgColor=RGB(180,180,180)
 Width=10
 LineType=0
 bFill=1
 Raster=1
 BkColor=LL.Color.Green
 bShadow=0
 Rounding=0
[Object]
 ObjectID=2
 ObjectName=Rechteck
 Locked=FALSE
 LinkUUID={050202EA-B3EF-4001-B194-3E9B01D08AC1}
 LinkMode=32
 LayerID=0
 LayerCond=
 GroupUUID=
 Identifier=
 Condition=True
 UserLocked=False
 WrapBefore=False
 ExportAsPicture=False
 Position/Left=221000
 Position/Top=182220
 Position/Width=10000
 Position/Height=4000
 Direction=0
 PDFLevel=0
 PDFText=
 IndexPDFLevel=0
 IndexPDFText=
 IssueCondition=True
 Link.URL=
 Animation=""
 bFrame=1
 FgColor=RGB(180,180,180)
 Width=10
 LineType=0
 bFill=1
 Raster=1
 BkColor=LL.Color.Red
 bShadow=0
 Rounding=0
[Object]
 ObjectID=2
 ObjectName=Rechteck
 Locked=FALSE
 LinkUUID={F0CBE1CB-0B92-4147-8FD5-97E84E75FA9B}
 LinkMode=32
 LayerID=0
 LayerCond=
 GroupUUID=
 Identifier=
 Condition=True
 UserLocked=False
 WrapBefore=False
 ExportAsPicture=False
 Position/Left=221000
 Position/Top=186220
 Position/Width=10000
 Position/Height=4000
 Direction=0
 PDFLevel=0
 PDFText=
 IndexPDFLevel=0
 IndexPDFText=
 IssueCondition=True
 Link.URL=
 Animation=""
 bFrame=1
 FgColor=RGB(180,180,180)
 Width=10
 LineType=0
 bFill=1
 Raster=1
 BkColor=LL.Color.Yellow
 bShadow=0
 Rounding=0
[Object]
 ObjectID=2
 ObjectName=Rechteck
 Locked=FALSE
 LinkUUID={BF219165-E361-4B74-A8E0-DB86531E0935}
 LinkMode=32
 LayerID=0
 LayerCond=
 GroupUUID=
 Identifier=
 Condition=True
 UserLocked=False
 WrapBefore=False
 ExportAsPicture=False
 Position/Left=221000
 Position/Top=190220
 Position/Width=10000
 Position/Height=4000
 Direction=0
 PDFLevel=0
 PDFText=
 IndexPDFLevel=0
 IndexPDFText=
 IssueCondition=True
 Link.URL=
 Animation=""
 bFrame=1
 FgColor=RGB(180,180,180)
 Width=10
 LineType=0
 bFill=1
 Raster=1
 BkColor=LL.Color.LightCyan
 bShadow=0
 Rounding=0
[Object]
 ObjectID=2
 ObjectName=Rechteck
 Locked=FALSE
 LinkUUID={9E26C2DF-DB3C-4E5D-88CE-6DB4C515BFE6}
 LinkMode=32
 LayerID=0
 LayerCond=
 GroupUUID=
 Identifier=
 Condition=True
 UserLocked=False
 WrapBefore=False
 ExportAsPicture=False
 Position/Left=221000
 Position/Top=194220
 Position/Width=10000
 Position/Height=4000
 Direction=0
 PDFLevel=0
 PDFText=
 IndexPDFLevel=0
 IndexPDFText=
 IssueCondition=True
 Link.URL=
 Animation=""
 bFrame=1
 FgColor=RGB(180,180,180)
 Width=10
 LineType=0
 bFill=1
 Raster=1
 BkColor=LL.Color.Maroon
 bShadow=0
 Rounding=0
[Object]
 ObjectID=2
 ObjectName=Rechteck
 Locked=FALSE
 LinkUUID={FB5EA061-5109-41E0-A90C-DFE0B264AB7E}
 LinkMode=32
 LayerID=0
 LayerCond=
 GroupUUID=
 Identifier=
 Condition=True
 UserLocked=False
 WrapBefore=False
 ExportAsPicture=False
 Position/Left=221000
 Position/Top=198000
 Position/Width=10000
 Position/Height=4000
 Direction=0
 PDFLevel=0
 PDFText=
 IndexPDFLevel=0
 IndexPDFText=
 IssueCondition=True
 Link.URL=
 Animation=""
 bFrame=1
 FgColor=RGB(180,180,180)
 Width=10
 LineType=0
 bFill=1
 Raster=1
 BkColor=LL.Color.SlateBlue
 bShadow=0
 Rounding=0
[Object]
 ObjectID=1
 ObjectName=Text
 Locked=FALSE
 LinkUUID={840A9116-7320-4BB3-BAA6-B933BE9660D5}
 LinkMode=32
 LayerID=0
 LayerCond=
 GroupUUID=
 Identifier=
 Condition=True
 UserLocked=False
 WrapBefore=False
 bPageWrap=False
 ExportAsPicture=False
 Position/Left=234000
 Position/Top=178220
 Position/Width=50000
 Position/Height=25780
 Direction=0
 bFill=0
 Frame/Layout=0
 Frame/Left/Spacing=0
 Frame/Left/Line=False
 Frame/Top/Spacing=0
 Frame/Top/Line=False
 Frame/Right/Spacing=0
 Frame/Right/Line=False
 Frame/Bottom/Spacing=0
 Frame/Bottom/Line=False
 PDFLevel=0
 PDFText=
 IndexPDFLevel=0
 IndexPDFText=
 IssueCondition=True
 Link.URL=
 Animation=""
 HTMLAnimation=""
 bBottomAligned=0
 [@Lines]
  {
  [Lines]
   {
   [Line]
	{
	[Font]
	 {
	 Default=False
	 FaceName="Arial"
	 GdiCharSet=0
	 Size=10.0
	 Width=0
	 Bold=False
	 Italic=False
	 Underline=False
	 Strikeout=False
	 Color=LL.Color.Black
	 PitchAndFamily=34
	 OutPrecision=3
	 }
	Align=0
	Adjusted=False
	Uneraseable=False
	LineWrap=1
	PageWrapAllowed=True
	ForceWrap=True
	SpaceOptimization=True
	Spacing.Paragraph=0
	Spacing.Line=0
	OutputFormatter=
	Condition=True
	[ConditionalFormatter]
	 {
	 }
	Text="Event 1"¤
	Tab=0
	TabAlign=0
	}
   [Line]
	{
	[Font]
	 {
	 Default=False
	 FaceName="Arial"
	 GdiCharSet=0
	 Size=10.0
	 Width=0
	 Bold=False
	 Italic=False
	 Underline=False
	 Strikeout=False
	 Color=LL.Color.Black
	 PitchAndFamily=34
	 OutPrecision=3
	 }
	Align=0
	Adjusted=False
	Uneraseable=False
	LineWrap=1
	PageWrapAllowed=True
	ForceWrap=True
	SpaceOptimization=True
	Spacing.Paragraph=0
	Spacing.Line=0
	OutputFormatter=
	Condition=True
	[ConditionalFormatter]
	 {
	 }
	Text="Event 2"
	Tab=0
	TabAlign=0
	}
   [Line]
	{
	[Font]
	 {
	 Default=False
	 FaceName="Arial"
	 GdiCharSet=0
	 Size=10.0
	 Width=0
	 Bold=False
	 Italic=False
	 Underline=False
	 Strikeout=False
	 Color=LL.Color.Black
	 PitchAndFamily=34
	 OutPrecision=3
	 }
	Align=0
	Adjusted=False
	Uneraseable=False
	LineWrap=1
	PageWrapAllowed=True
	ForceWrap=True
	SpaceOptimization=True
	Spacing.Paragraph=0
	Spacing.Line=0
	OutputFormatter=
	Condition=True
	[ConditionalFormatter]
	 {
	 }
	Text="Event 3"
	Tab=0
	TabAlign=0
	}
   [Line]
	{
	[Font]
	 {
	 Default=False
	 FaceName="Arial"
	 GdiCharSet=0
	 Size=10.0
	 Width=0
	 Bold=False
	 Italic=False
	 Underline=False
	 Strikeout=False
	 Color=LL.Color.Black
	 PitchAndFamily=34
	 OutPrecision=3
	 }
	Align=0
	Adjusted=False
	Uneraseable=False
	LineWrap=1
	PageWrapAllowed=True
	ForceWrap=True
	SpaceOptimization=True
	Spacing.Paragraph=0
	Spacing.Line=0
	OutputFormatter=
	Condition=True
	[ConditionalFormatter]
	 {
	 }
	Text="Event 4"
	Tab=0
	TabAlign=0
	}
   [Line]
	{
	[Font]
	 {
	 Default=False
	 FaceName="Arial"
	 GdiCharSet=0
	 Size=10.0
	 Width=0
	 Bold=False
	 Italic=False
	 Underline=False
	 Strikeout=False
	 Color=LL.Color.Black
	 PitchAndFamily=34
	 OutPrecision=3
	 }
	Align=0
	Adjusted=False
	Uneraseable=False
	LineWrap=1
	PageWrapAllowed=True
	ForceWrap=True
	SpaceOptimization=True
	Spacing.Paragraph=0
	Spacing.Line=0
	OutputFormatter=
	Condition=True
	[ConditionalFormatter]
	 {
	 }
	Text="Event 5"
	Tab=0
	TabAlign=0
	}
   [Line]
	{
	[Font]
	 {
	 Default=False
	 FaceName="Arial"
	 GdiCharSet=0
	 Size=10.0
	 Width=0
	 Bold=False
	 Italic=False
	 Underline=False
	 Strikeout=False
	 Color=LL.Color.Black
	 PitchAndFamily=34
	 OutPrecision=3
	 }
	Align=0
	Adjusted=False
	Uneraseable=False
	LineWrap=1
	PageWrapAllowed=True
	ForceWrap=True
	SpaceOptimization=True
	Spacing.Paragraph=0
	Spacing.Line=0
	OutputFormatter=
	Condition=True
	[ConditionalFormatter]
	 {
	 }
	Text="Event 6"
	Tab=0
	TabAlign=0
	}
   }
  }
[UserVariables]
[Parameters]
 [@Parameters]
  {
  [Parameters]
   {
   LL.ActiveLayout=Standard-Layout
   LL.MultiPassCondition=PrintPassIndex()=PrintPassCount()
   LL.MultiPassCount=1
   LL.ProjectDescription=List & Label Projektdatei
   }
  }
[UsedIdentifiers]
 Variables=C_Language;C_MaxDate;C_MinDate;C_Monthly
 Fields=EndDate;Name;Reason;StartDate
 ChartFields=
[PageLayouts]
 [@PageLayouts]
  {
  [PageLayouts]
   {
   [PageLayout]
	{
	DisplayName=
	Condition=True
	SourceTray=15
	ForcePaperFormat=False
	UsePhysicalPaper=True
	PaperFormat=0
	PaperFormat.cx=209880
	PaperFormat.cy=297050
	PaperFormat.Orientation=2
	Copies=1
	Duplex=0
	Collate=0
	FitPage=False
	ShowInPrintDialog=True
	}
   }
  }
[ExtendedInfo]
 [@ExtendedInfos]
  {
  [UserDefinedDesignScheme]
   {
   [Foreground]
	{
	Color=(188,221,161)
	Color=(154,201,73)
	Color=(135,165,101)
	Color=(235,93,129)
	Color=(75,152,184)
	Color=(91,179,213)
	Color=(171,214,226)
	Color=(153,153,153)
	Color=(102,102,102)
	Color=(204,204,204)
	}
   [Background]
	{
	Color=(251,251,251)
	Color=(204,204,204)
	Color=(77,77,77)
	Color=(51,51,51)
	FillMode=1
	}
   }
  [UIDescriptions]
   {
   }
  [Subreports]
   {
   }
  }
